/home/kali/Proyectos/cybersecurity/environments/dev4-improvements/platform/backend/venv/lib/python3.13/site-packages/celery/platforms.py:841: SecurityWarning: You're running the worker with superuser privileges: this is
absolutely not recommended!

Please specify a different user using the --uid option.

User information: uid=0 euid=0 gid=0 egid=0

  warnings.warn(SecurityWarning(ROOT_DISCOURAGED.format(
 
 -------------- celery_dev4@kali v5.6.0 (recovery)
--- ***** ----- 
-- ******* ---- Linux-6.16.8+kali-amd64-x86_64-with-glibc2.41 2025-12-17 06:04:20
- *** --- * --- 
- ** ---------- [config]
- ** ---------- .> app:         pentesting_platform:0x7fa2b95c6a50
- ** ---------- .> transport:   redis://localhost:6379/1
- ** ---------- .> results:     redis://localhost:6379/1
- *** --- * --- .> concurrency: 2 (prefork)
-- ******* ---- .> task events: OFF (enable -E to monitor tasks in this worker)
--- ***** ----- 
 -------------- [queues]
                .> celery           exchange=celery(direct) key=celery
                

[tasks]
  . celery_app.debug_task
  . tasks.ad.bloodhound_collection
  . tasks.ad.crackmapexec_scan
  . tasks.brute_force.hydra_attack
  . tasks.container.trivy_scan
  . tasks.exploitation.sqlmap_scan
  . tasks.exploitation.zap_scan
  . tasks.mobile.mobsf_analysis
  . tasks.reporting.export_to_pdf
  . tasks.reporting.generate_full_report
  . tasks.reporting.generate_report_v2
  . tasks.scanning.masscan_scan
  . tasks.scanning.nmap_scan
  . tasks.scanning.nuclei_scan

[2025-12-17 06:04:21,072: INFO/MainProcess] Connected to redis://localhost:6379/1
[2025-12-17 06:04:21,077: INFO/MainProcess] mingle: searching for neighbors
[2025-12-17 06:04:22,091: INFO/MainProcess] mingle: all alone
[2025-12-17 06:04:22,108: INFO/MainProcess] celery_dev4@kali ready.
[2025-12-17 06:05:04,656: INFO/MainProcess] Task tasks.reporting.generate_report_v2[bc5b6898-c8a3-44fb-83d2-e706e607a34b] received
[2025-12-17 06:05:04,772: WARNING/ForkPoolWorker-2] 2025-12-17 06:05:04,771 INFO sqlalchemy.engine.Engine BEGIN (implicit)
[2025-12-17 06:05:04,771: INFO/ForkPoolWorker-2] BEGIN (implicit)
[2025-12-17 06:05:04,780: WARNING/ForkPoolWorker-2] 2025-12-17 06:05:04,780 INFO sqlalchemy.engine.Engine SELECT workspaces.id AS workspaces_id, workspaces.name AS workspaces_name, workspaces.description AS workspaces_description, workspaces.client_name AS workspaces_client_name, workspaces.client_contact AS workspaces_client_contact, workspaces.target_domain AS workspaces_target_domain, workspaces.target_ip AS workspaces_target_ip, workspaces.target_type AS workspaces_target_type, workspaces.in_scope AS workspaces_in_scope, workspaces.out_of_scope AS workspaces_out_of_scope, workspaces.start_date AS workspaces_start_date, workspaces.end_date AS workspaces_end_date, workspaces.notes AS workspaces_notes, workspaces.is_active AS workspaces_is_active, workspaces.status AS workspaces_status, workspaces.created_at AS workspaces_created_at, workspaces.updated_at AS workspaces_updated_at, workspaces.owner_id AS workspaces_owner_id 
FROM workspaces 
WHERE workspaces.id = ?
[2025-12-17 06:05:04,780: INFO/ForkPoolWorker-2] SELECT workspaces.id AS workspaces_id, workspaces.name AS workspaces_name, workspaces.description AS workspaces_description, workspaces.client_name AS workspaces_client_name, workspaces.client_contact AS workspaces_client_contact, workspaces.target_domain AS workspaces_target_domain, workspaces.target_ip AS workspaces_target_ip, workspaces.target_type AS workspaces_target_type, workspaces.in_scope AS workspaces_in_scope, workspaces.out_of_scope AS workspaces_out_of_scope, workspaces.start_date AS workspaces_start_date, workspaces.end_date AS workspaces_end_date, workspaces.notes AS workspaces_notes, workspaces.is_active AS workspaces_is_active, workspaces.status AS workspaces_status, workspaces.created_at AS workspaces_created_at, workspaces.updated_at AS workspaces_updated_at, workspaces.owner_id AS workspaces_owner_id 
FROM workspaces 
WHERE workspaces.id = ?
[2025-12-17 06:05:04,781: WARNING/ForkPoolWorker-2] 2025-12-17 06:05:04,780 INFO sqlalchemy.engine.Engine [generated in 0.00070s] (11,)
[2025-12-17 06:05:04,780: INFO/ForkPoolWorker-2] [generated in 0.00070s] (11,)
[2025-12-17 06:05:04,784: WARNING/ForkPoolWorker-2] 2025-12-17 06:05:04,784 INFO sqlalchemy.engine.Engine ROLLBACK
[2025-12-17 06:05:04,784: INFO/ForkPoolWorker-2] ROLLBACK
[2025-12-17 06:05:04,785: INFO/ForkPoolWorker-2] Registered 44 parsers
[2025-12-17 06:05:04,785: INFO/ForkPoolWorker-2] WeasyPrint PDF Generator initialized with templates from: /home/kali/Proyectos/cybersecurity/environments/dev4-improvements/platform/backend/services/reporting/templates
[2025-12-17 06:05:04,786: INFO/ForkPoolWorker-2] WeasyPrint PDF Generator initialized with templates from: /home/kali/Proyectos/cybersecurity/environments/dev4-improvements/platform/backend/services/reporting/templates
[2025-12-17 06:05:04,788: INFO/ForkPoolWorker-2] Scanning workspace directory: /home/kali/Proyectos/cybersecurity/environments/dev4-improvements/platform/workspaces/necod_fortidyndns_com
[2025-12-17 06:05:04,789: INFO/ForkPoolWorker-2] Found 4 files in scans
[2025-12-17 06:05:04,789: INFO/ForkPoolWorker-2] Total files found: 4
[2025-12-17 06:05:04,793: INFO/ForkPoolWorker-2] Parsed 0 open ports from /home/kali/Proyectos/cybersecurity/environments/dev4-improvements/platform/workspaces/necod_fortidyndns_com/scans/nmap_929.xml
[2025-12-17 06:05:04,793: INFO/ForkPoolWorker-2] Parsed 0 findings from nmap_929.xml using nmap
[2025-12-17 06:05:04,795: INFO/ForkPoolWorker-2] Parsed 0 open ports from /home/kali/Proyectos/cybersecurity/environments/dev4-improvements/platform/workspaces/necod_fortidyndns_com/scans/nmap_930.xml
[2025-12-17 06:05:04,796: INFO/ForkPoolWorker-2] Parsed 0 findings from nmap_930.xml using nmap
[2025-12-17 06:05:04,796: WARNING/ForkPoolWorker-2] No parser found for /home/kali/Proyectos/cybersecurity/environments/dev4-improvements/platform/workspaces/necod_fortidyndns_com/scans/nmap_929.txt
[2025-12-17 06:05:04,796: WARNING/ForkPoolWorker-2] Cannot parse /home/kali/Proyectos/cybersecurity/environments/dev4-improvements/platform/workspaces/necod_fortidyndns_com/scans/nmap_929.txt: no suitable parser
[2025-12-17 06:05:04,796: WARNING/ForkPoolWorker-2] No parser found for /home/kali/Proyectos/cybersecurity/environments/dev4-improvements/platform/workspaces/necod_fortidyndns_com/scans/nmap_930.txt
[2025-12-17 06:05:04,796: WARNING/ForkPoolWorker-2] Cannot parse /home/kali/Proyectos/cybersecurity/environments/dev4-improvements/platform/workspaces/necod_fortidyndns_com/scans/nmap_930.txt: no suitable parser
[2025-12-17 06:05:04,796: WARNING/ForkPoolWorker-2] No findings parsed from 4 files in workspace. Files may be empty or in unsupported format. Files found: 4 parsed, 4 total.
[2025-12-17 06:05:04,798: ERROR/ForkPoolWorker-2] Report V2 generation task failed for workspace 11: ValueError: No findings parsed from 4 files in workspace. Files may be empty or in unsupported format. Files found: 4 parsed, 4 total.
Traceback (most recent call last):
  File "/home/kali/Proyectos/cybersecurity/environments/dev4-improvements/platform/backend/tasks/reporting_tasks.py", line 253, in generate_report_v2_task
    raise ValueError(error_msg)
ValueError: No findings parsed from 4 files in workspace. Files may be empty or in unsupported format. Files found: 4 parsed, 4 total.
[2025-12-17 06:05:04,799: ERROR/ForkPoolWorker-2] Traceback completo:
Traceback (most recent call last):
  File "/home/kali/Proyectos/cybersecurity/environments/dev4-improvements/platform/backend/tasks/reporting_tasks.py", line 253, in generate_report_v2_task
    raise ValueError(error_msg)
ValueError: No findings parsed from 4 files in workspace. Files may be empty or in unsupported format. Files found: 4 parsed, 4 total.

[2025-12-17 06:05:04,813: INFO/MainProcess] Task tasks.reporting.generate_report_v2[bc5b6898-c8a3-44fb-83d2-e706e607a34b] received
[2025-12-17 06:05:04,831: WARNING/ForkPoolWorker-2] /home/kali/Proyectos/cybersecurity/environments/dev4-improvements/platform/backend/venv/lib/python3.13/site-packages/celery/app/trace.py:705: RuntimeWarning: Exception raised outside body: ValueError('Exception information must include the exception type'):
Traceback (most recent call last):
  File "/home/kali/Proyectos/cybersecurity/environments/dev4-improvements/platform/backend/venv/lib/python3.13/site-packages/celery/app/autoretry.py", line 38, in run
    return task._orig_run(*args, **kwargs)
           ~~~~~~~~~~~~~~^^^^^^^^^^^^^^^^^
  File "/home/kali/Proyectos/cybersecurity/environments/dev4-improvements/platform/backend/tasks/reporting_tasks.py", line 253, in generate_report_v2_task
    raise ValueError(error_msg)
ValueError: No findings parsed from 4 files in workspace. Files may be empty or in unsupported format. Files found: 4 parsed, 4 total.

During handling of the above exception, another exception occurred:

Traceback (most recent call last):
  File "/home/kali/Proyectos/cybersecurity/environments/dev4-improvements/platform/backend/venv/lib/python3.13/site-packages/celery/app/trace.py", line 479, in trace_task
    R = retval = fun(*args, **kwargs)
                 ~~~^^^^^^^^^^^^^^^^^
  File "/home/kali/Proyectos/cybersecurity/environments/dev4-improvements/platform/backend/venv/lib/python3.13/site-packages/celery/app/trace.py", line 779, in __protected_call__
    return self.run(*args, **kwargs)
           ~~~~~~~~^^^^^^^^^^^^^^^^^
  File "/home/kali/Proyectos/cybersecurity/environments/dev4-improvements/platform/backend/venv/lib/python3.13/site-packages/celery/app/autoretry.py", line 60, in run
    ret = task.retry(exc=exc, **retry_kwargs)
  File "/home/kali/Proyectos/cybersecurity/environments/dev4-improvements/platform/backend/venv/lib/python3.13/site-packages/celery/app/task.py", line 771, in retry
    raise ret
celery.exceptions.Retry: Retry in 1s: ValueError('No findings parsed from 4 files in workspace. Files may be empty or in unsupported format. Files found: 4 parsed, 4 total.')

During handling of the above exception, another exception occurred:

Traceback (most recent call last):
  File "/home/kali/Proyectos/cybersecurity/environments/dev4-improvements/platform/backend/venv/lib/python3.13/site-packages/celery/backends/base.py", line 453, in exception_to_python
    exc_type = exc['exc_type']
               ~~~^^^^^^^^^^^^
KeyError: 'exc_type'

The above exception was the direct cause of the following exception:

Traceback (most recent call last):
  File "/home/kali/Proyectos/cybersecurity/environments/dev4-improvements/platform/backend/venv/lib/python3.13/site-packages/celery/app/trace.py", line 494, in trace_task
    I, R, state, retval = on_error(
                          ~~~~~~~~^
        task_request, exc, RETRY, call_errbacks=False)
        ^^^^^^^^^^^^^^^^^^^^^^^^^^^^^^^^^^^^^^^^^^^^^^
  File "/home/kali/Proyectos/cybersecurity/environments/dev4-improvements/platform/backend/venv/lib/python3.13/site-packages/celery/app/trace.py", line 407, in on_error
    R = I.handle_error_state(
        task, request, eager=eager, call_errbacks=call_errbacks,
    )
  File "/home/kali/Proyectos/cybersecurity/environments/dev4-improvements/platform/backend/venv/lib/python3.13/site-packages/celery/app/trace.py", line 175, in handle_error_state
    return {
           ~
        RETRY: self.handle_retry,
        ~~~~~~~~~~~~~~~~~~~~~~~~~
        FAILURE: self.handle_failure,
        ~~~~~~~~~~~~~~~~~~~~~~~~~~~~~
    }[self.state](task, req,
    ~~~~~~~~~~~~~^^^^^^^^^^^
                  store_errors=store_errors,
                  ^^^^^^^^^^^^^^^^^^^^^^^^^^
                  call_errbacks=call_errbacks)
                  ^^^^^^^^^^^^^^^^^^^^^^^^^^^^
  File "/home/kali/Proyectos/cybersecurity/environments/dev4-improvements/platform/backend/venv/lib/python3.13/site-packages/celery/app/trace.py", line 198, in handle_retry
    task.backend.mark_as_retry(
    ~~~~~~~~~~~~~~~~~~~~~~~~~~^
        req.id, reason.exc, einfo.traceback, request=req,
        ^^^^^^^^^^^^^^^^^^^^^^^^^^^^^^^^^^^^^^^^^^^^^^^^^
    )
    ^
  File "/home/kali/Proyectos/cybersecurity/environments/dev4-improvements/platform/backend/venv/lib/python3.13/site-packages/celery/backends/base.py", line 306, in mark_as_retry
    return self.store_result(task_id, exc, state,
           ~~~~~~~~~~~~~~~~~^^^^^^^^^^^^^^^^^^^^^
                             traceback=traceback, request=request)
                             ^^^^^^^^^^^^^^^^^^^^^^^^^^^^^^^^^^^^^
  File "/home/kali/Proyectos/cybersecurity/environments/dev4-improvements/platform/backend/venv/lib/python3.13/site-packages/celery/backends/base.py", line 625, in store_result
    self._store_result(task_id, result, state, traceback,
    ~~~~~~~~~~~~~~~~~~^^^^^^^^^^^^^^^^^^^^^^^^^^^^^^^^^^^
                       request=request, **kwargs)
                       ^^^^^^^^^^^^^^^^^^^^^^^^^^
  File "/home/kali/Proyectos/cybersecurity/environments/dev4-improvements/platform/backend/venv/lib/python3.13/site-packages/celery/backends/base.py", line 1074, in _store_result
    current_meta = self._get_task_meta_for(task_id)
  File "/home/kali/Proyectos/cybersecurity/environments/dev4-improvements/platform/backend/venv/lib/python3.13/site-packages/celery/backends/base.py", line 1099, in _get_task_meta_for
    return self.decode_result(meta)
           ~~~~~~~~~~~~~~~~~~^^^^^^
  File "/home/kali/Proyectos/cybersecurity/environments/dev4-improvements/platform/backend/venv/lib/python3.13/site-packages/celery/backends/base.py", line 524, in decode_result
    return self.meta_from_decoded(self.decode(payload))
           ~~~~~~~~~~~~~~~~~~~~~~^^^^^^^^^^^^^^^^^^^^^^
  File "/home/kali/Proyectos/cybersecurity/environments/dev4-improvements/platform/backend/venv/lib/python3.13/site-packages/celery/backends/base.py", line 520, in meta_from_decoded
    meta['result'] = self.exception_to_python(meta['result'])
                     ~~~~~~~~~~~~~~~~~~~~~~~~^^^^^^^^^^^^^^^^
  File "/home/kali/Proyectos/cybersecurity/environments/dev4-improvements/platform/backend/venv/lib/python3.13/site-packages/celery/backends/base.py", line 455, in exception_to_python
    raise ValueError("Exception information must include "
                     "the exception type") from e
ValueError: Exception information must include the exception type

  warn(RuntimeWarning(

[2025-12-17 06:05:04,854: ERROR/MainProcess] Pool callback raised exception: ValueError('Exception information must include the exception type')
Traceback (most recent call last):
  File "/home/kali/Proyectos/cybersecurity/environments/dev4-improvements/platform/backend/venv/lib/python3.13/site-packages/celery/backends/base.py", line 453, in exception_to_python
    exc_type = exc['exc_type']
               ~~~^^^^^^^^^^^^
KeyError: 'exc_type'

The above exception was the direct cause of the following exception:

Traceback (most recent call last):
  File "/home/kali/Proyectos/cybersecurity/environments/dev4-improvements/platform/backend/venv/lib/python3.13/site-packages/billiard/pool.py", line 1799, in safe_apply_callback
    fun(*args, **kwargs)
    ~~~^^^^^^^^^^^^^^^^^
  File "/home/kali/Proyectos/cybersecurity/environments/dev4-improvements/platform/backend/venv/lib/python3.13/site-packages/celery/worker/request.py", line 637, in on_failure
    self.task.backend.mark_as_failure(
    ~~~~~~~~~~~~~~~~~~~~~~~~~~~~~~~~~^
        self.id, exc, request=self._context,
        ^^^^^^^^^^^^^^^^^^^^^^^^^^^^^^^^^^^^
        store_result=self.store_errors,
        ^^^^^^^^^^^^^^^^^^^^^^^^^^^^^^^
    )
    ^
  File "/home/kali/Proyectos/cybersecurity/environments/dev4-improvements/platform/backend/venv/lib/python3.13/site-packages/celery/backends/base.py", line 194, in mark_as_failure
    self.store_result(task_id, exc, state,
    ~~~~~~~~~~~~~~~~~^^^^^^^^^^^^^^^^^^^^^
                      traceback=traceback, request=request)
                      ^^^^^^^^^^^^^^^^^^^^^^^^^^^^^^^^^^^^^
  File "/home/kali/Proyectos/cybersecurity/environments/dev4-improvements/platform/backend/venv/lib/python3.13/site-packages/celery/backends/base.py", line 625, in store_result
    self._store_result(task_id, result, state, traceback,
    ~~~~~~~~~~~~~~~~~~^^^^^^^^^^^^^^^^^^^^^^^^^^^^^^^^^^^
                       request=request, **kwargs)
                       ^^^^^^^^^^^^^^^^^^^^^^^^^^
  File "/home/kali/Proyectos/cybersecurity/environments/dev4-improvements/platform/backend/venv/lib/python3.13/site-packages/celery/backends/base.py", line 1074, in _store_result
    current_meta = self._get_task_meta_for(task_id)
  File "/home/kali/Proyectos/cybersecurity/environments/dev4-improvements/platform/backend/venv/lib/python3.13/site-packages/celery/backends/base.py", line 1099, in _get_task_meta_for
    return self.decode_result(meta)
           ~~~~~~~~~~~~~~~~~~^^^^^^
  File "/home/kali/Proyectos/cybersecurity/environments/dev4-improvements/platform/backend/venv/lib/python3.13/site-packages/celery/backends/base.py", line 524, in decode_result
    return self.meta_from_decoded(self.decode(payload))
           ~~~~~~~~~~~~~~~~~~~~~~^^^^^^^^^^^^^^^^^^^^^^
  File "/home/kali/Proyectos/cybersecurity/environments/dev4-improvements/platform/backend/venv/lib/python3.13/site-packages/celery/backends/base.py", line 520, in meta_from_decoded
    meta['result'] = self.exception_to_python(meta['result'])
                     ~~~~~~~~~~~~~~~~~~~~~~~~^^^^^^^^^^^^^^^^
  File "/home/kali/Proyectos/cybersecurity/environments/dev4-improvements/platform/backend/venv/lib/python3.13/site-packages/celery/backends/base.py", line 455, in exception_to_python
    raise ValueError("Exception information must include "
                     "the exception type") from e
ValueError: Exception information must include the exception type
[2025-12-17 06:05:05,815: WARNING/ForkPoolWorker-2] /home/kali/Proyectos/cybersecurity/environments/dev4-improvements/platform/backend/venv/lib/python3.13/site-packages/celery/app/trace.py:705: RuntimeWarning: Exception raised outside body: ValueError('Exception information must include the exception type'):
Traceback (most recent call last):
  File "/home/kali/Proyectos/cybersecurity/environments/dev4-improvements/platform/backend/venv/lib/python3.13/site-packages/celery/backends/base.py", line 453, in exception_to_python
    exc_type = exc['exc_type']
               ~~~^^^^^^^^^^^^
KeyError: 'exc_type'

The above exception was the direct cause of the following exception:

Traceback (most recent call last):
  File "/home/kali/Proyectos/cybersecurity/environments/dev4-improvements/platform/backend/venv/lib/python3.13/site-packages/celery/app/trace.py", line 469, in trace_task
    task.backend.store_result(
    ~~~~~~~~~~~~~~~~~~~~~~~~~^
        uuid, {'pid': pid, 'hostname': hostname}, STARTED,
        ^^^^^^^^^^^^^^^^^^^^^^^^^^^^^^^^^^^^^^^^^^^^^^^^^^
        request=task_request,
        ^^^^^^^^^^^^^^^^^^^^^
    )
    ^
  File "/home/kali/Proyectos/cybersecurity/environments/dev4-improvements/platform/backend/venv/lib/python3.13/site-packages/celery/backends/base.py", line 625, in store_result
    self._store_result(task_id, result, state, traceback,
    ~~~~~~~~~~~~~~~~~~^^^^^^^^^^^^^^^^^^^^^^^^^^^^^^^^^^^
                       request=request, **kwargs)
                       ^^^^^^^^^^^^^^^^^^^^^^^^^^
  File "/home/kali/Proyectos/cybersecurity/environments/dev4-improvements/platform/backend/venv/lib/python3.13/site-packages/celery/backends/base.py", line 1074, in _store_result
    current_meta = self._get_task_meta_for(task_id)
  File "/home/kali/Proyectos/cybersecurity/environments/dev4-improvements/platform/backend/venv/lib/python3.13/site-packages/celery/backends/base.py", line 1099, in _get_task_meta_for
    return self.decode_result(meta)
           ~~~~~~~~~~~~~~~~~~^^^^^^
  File "/home/kali/Proyectos/cybersecurity/environments/dev4-improvements/platform/backend/venv/lib/python3.13/site-packages/celery/backends/base.py", line 524, in decode_result
    return self.meta_from_decoded(self.decode(payload))
           ~~~~~~~~~~~~~~~~~~~~~~^^^^^^^^^^^^^^^^^^^^^^
  File "/home/kali/Proyectos/cybersecurity/environments/dev4-improvements/platform/backend/venv/lib/python3.13/site-packages/celery/backends/base.py", line 520, in meta_from_decoded
    meta['result'] = self.exception_to_python(meta['result'])
                     ~~~~~~~~~~~~~~~~~~~~~~~~^^^^^^^^^^^^^^^^
  File "/home/kali/Proyectos/cybersecurity/environments/dev4-improvements/platform/backend/venv/lib/python3.13/site-packages/celery/backends/base.py", line 455, in exception_to_python
    raise ValueError("Exception information must include "
                     "the exception type") from e
ValueError: Exception information must include the exception type

  warn(RuntimeWarning(

[2025-12-17 06:05:05,828: ERROR/MainProcess] Pool callback raised exception: ValueError('Exception information must include the exception type')
Traceback (most recent call last):
  File "/home/kali/Proyectos/cybersecurity/environments/dev4-improvements/platform/backend/venv/lib/python3.13/site-packages/celery/backends/base.py", line 453, in exception_to_python
    exc_type = exc['exc_type']
               ~~~^^^^^^^^^^^^
KeyError: 'exc_type'

The above exception was the direct cause of the following exception:

Traceback (most recent call last):
  File "/home/kali/Proyectos/cybersecurity/environments/dev4-improvements/platform/backend/venv/lib/python3.13/site-packages/billiard/pool.py", line 1799, in safe_apply_callback
    fun(*args, **kwargs)
    ~~~^^^^^^^^^^^^^^^^^
  File "/home/kali/Proyectos/cybersecurity/environments/dev4-improvements/platform/backend/venv/lib/python3.13/site-packages/celery/worker/request.py", line 637, in on_failure
    self.task.backend.mark_as_failure(
    ~~~~~~~~~~~~~~~~~~~~~~~~~~~~~~~~~^
        self.id, exc, request=self._context,
        ^^^^^^^^^^^^^^^^^^^^^^^^^^^^^^^^^^^^
        store_result=self.store_errors,
        ^^^^^^^^^^^^^^^^^^^^^^^^^^^^^^^
    )
    ^
  File "/home/kali/Proyectos/cybersecurity/environments/dev4-improvements/platform/backend/venv/lib/python3.13/site-packages/celery/backends/base.py", line 194, in mark_as_failure
    self.store_result(task_id, exc, state,
    ~~~~~~~~~~~~~~~~~^^^^^^^^^^^^^^^^^^^^^
                      traceback=traceback, request=request)
                      ^^^^^^^^^^^^^^^^^^^^^^^^^^^^^^^^^^^^^
  File "/home/kali/Proyectos/cybersecurity/environments/dev4-improvements/platform/backend/venv/lib/python3.13/site-packages/celery/backends/base.py", line 625, in store_result
    self._store_result(task_id, result, state, traceback,
    ~~~~~~~~~~~~~~~~~~^^^^^^^^^^^^^^^^^^^^^^^^^^^^^^^^^^^
                       request=request, **kwargs)
                       ^^^^^^^^^^^^^^^^^^^^^^^^^^
  File "/home/kali/Proyectos/cybersecurity/environments/dev4-improvements/platform/backend/venv/lib/python3.13/site-packages/celery/backends/base.py", line 1074, in _store_result
    current_meta = self._get_task_meta_for(task_id)
  File "/home/kali/Proyectos/cybersecurity/environments/dev4-improvements/platform/backend/venv/lib/python3.13/site-packages/celery/backends/base.py", line 1099, in _get_task_meta_for
    return self.decode_result(meta)
           ~~~~~~~~~~~~~~~~~~^^^^^^
  File "/home/kali/Proyectos/cybersecurity/environments/dev4-improvements/platform/backend/venv/lib/python3.13/site-packages/celery/backends/base.py", line 524, in decode_result
    return self.meta_from_decoded(self.decode(payload))
           ~~~~~~~~~~~~~~~~~~~~~~^^^^^^^^^^^^^^^^^^^^^^
  File "/home/kali/Proyectos/cybersecurity/environments/dev4-improvements/platform/backend/venv/lib/python3.13/site-packages/celery/backends/base.py", line 520, in meta_from_decoded
    meta['result'] = self.exception_to_python(meta['result'])
                     ~~~~~~~~~~~~~~~~~~~~~~~~^^^^^^^^^^^^^^^^
  File "/home/kali/Proyectos/cybersecurity/environments/dev4-improvements/platform/backend/venv/lib/python3.13/site-packages/celery/backends/base.py", line 455, in exception_to_python
    raise ValueError("Exception information must include "
                     "the exception type") from e
ValueError: Exception information must include the exception type
[2025-12-17 06:05:16,187: INFO/MainProcess] Task tasks.reporting.generate_report_v2[22de83a7-4000-4f40-a259-2a97fc5fa9f7] received
[2025-12-17 06:05:16,193: WARNING/ForkPoolWorker-2] 2025-12-17 06:05:16,193 INFO sqlalchemy.engine.Engine BEGIN (implicit)
[2025-12-17 06:05:16,193: INFO/ForkPoolWorker-2] BEGIN (implicit)
[2025-12-17 06:05:16,196: WARNING/ForkPoolWorker-2] 2025-12-17 06:05:16,196 INFO sqlalchemy.engine.Engine SELECT workspaces.id AS workspaces_id, workspaces.name AS workspaces_name, workspaces.description AS workspaces_description, workspaces.client_name AS workspaces_client_name, workspaces.client_contact AS workspaces_client_contact, workspaces.target_domain AS workspaces_target_domain, workspaces.target_ip AS workspaces_target_ip, workspaces.target_type AS workspaces_target_type, workspaces.in_scope AS workspaces_in_scope, workspaces.out_of_scope AS workspaces_out_of_scope, workspaces.start_date AS workspaces_start_date, workspaces.end_date AS workspaces_end_date, workspaces.notes AS workspaces_notes, workspaces.is_active AS workspaces_is_active, workspaces.status AS workspaces_status, workspaces.created_at AS workspaces_created_at, workspaces.updated_at AS workspaces_updated_at, workspaces.owner_id AS workspaces_owner_id 
FROM workspaces 
WHERE workspaces.id = ?
[2025-12-17 06:05:16,196: INFO/ForkPoolWorker-2] SELECT workspaces.id AS workspaces_id, workspaces.name AS workspaces_name, workspaces.description AS workspaces_description, workspaces.client_name AS workspaces_client_name, workspaces.client_contact AS workspaces_client_contact, workspaces.target_domain AS workspaces_target_domain, workspaces.target_ip AS workspaces_target_ip, workspaces.target_type AS workspaces_target_type, workspaces.in_scope AS workspaces_in_scope, workspaces.out_of_scope AS workspaces_out_of_scope, workspaces.start_date AS workspaces_start_date, workspaces.end_date AS workspaces_end_date, workspaces.notes AS workspaces_notes, workspaces.is_active AS workspaces_is_active, workspaces.status AS workspaces_status, workspaces.created_at AS workspaces_created_at, workspaces.updated_at AS workspaces_updated_at, workspaces.owner_id AS workspaces_owner_id 
FROM workspaces 
WHERE workspaces.id = ?
[2025-12-17 06:05:16,196: WARNING/ForkPoolWorker-2] 2025-12-17 06:05:16,196 INFO sqlalchemy.engine.Engine [generated in 0.00036s] (10,)
[2025-12-17 06:05:16,196: INFO/ForkPoolWorker-2] [generated in 0.00036s] (10,)
[2025-12-17 06:05:16,208: WARNING/ForkPoolWorker-2] 2025-12-17 06:05:16,208 INFO sqlalchemy.engine.Engine ROLLBACK
[2025-12-17 06:05:16,208: INFO/ForkPoolWorker-2] ROLLBACK
[2025-12-17 06:05:16,216: INFO/ForkPoolWorker-2] Registered 44 parsers
[2025-12-17 06:05:16,216: INFO/ForkPoolWorker-2] WeasyPrint PDF Generator initialized with templates from: /home/kali/Proyectos/cybersecurity/environments/dev4-improvements/platform/backend/services/reporting/templates
[2025-12-17 06:05:16,216: INFO/ForkPoolWorker-2] WeasyPrint PDF Generator initialized with templates from: /home/kali/Proyectos/cybersecurity/environments/dev4-improvements/platform/backend/services/reporting/templates
[2025-12-17 06:05:16,219: INFO/ForkPoolWorker-2] Scanning workspace directory: /home/kali/Proyectos/cybersecurity/environments/dev4-improvements/platform/workspaces/kopernicus_tech
[2025-12-17 06:05:16,225: INFO/ForkPoolWorker-2] Found 11 files in recon
[2025-12-17 06:05:16,231: INFO/ForkPoolWorker-2] Found 16 files in scans
[2025-12-17 06:05:16,237: INFO/ForkPoolWorker-2] Found 30 files in enumeration
[2025-12-17 06:05:16,239: INFO/ForkPoolWorker-2] Found 8 files in vuln_scans
[2025-12-17 06:05:16,239: INFO/ForkPoolWorker-2] Total files found: 65
[2025-12-17 06:05:16,242: INFO/ForkPoolWorker-2] DNSRecon: Parsed 21 DNS records
[2025-12-17 06:05:16,242: INFO/ForkPoolWorker-2] Parsed 21 findings from dnsrecon_889.json using dnsrecon
[2025-12-17 06:05:16,244: INFO/ForkPoolWorker-2] DNSEnum: Parsed 14 DNS records
[2025-12-17 06:05:16,244: INFO/ForkPoolWorker-2] Parsed 14 findings from dnsenum_897.txt using dnsenum
[2025-12-17 06:05:16,245: INFO/ForkPoolWorker-2] Findomain: Parsed 4 subdomains
[2025-12-17 06:05:16,245: INFO/ForkPoolWorker-2] Parsed 4 findings from findomain_894.txt using findomain
[2025-12-17 06:05:16,246: INFO/ForkPoolWorker-2] WHOIS: Parsed information for kopernicus.tech
[2025-12-17 06:05:16,246: INFO/ForkPoolWorker-2] Parsed 1 findings from whois_888.txt using whois
[2025-12-17 06:05:16,247: INFO/ForkPoolWorker-2] Assetfinder: Parsed 3 subdomains from /home/kali/Proyectos/cybersecurity/environments/dev4-improvements/platform/workspaces/kopernicus_tech/recon/assetfinder_891.txt
[2025-12-17 06:05:16,247: INFO/ForkPoolWorker-2] Parsed 3 findings from assetfinder_891.txt using assetfinder
[2025-12-17 06:05:16,248: INFO/ForkPoolWorker-2] crt.sh: Parsed 9 subdomains
[2025-12-17 06:05:16,249: INFO/ForkPoolWorker-2] Parsed 9 findings from crtsh_893.txt using crtsh
[2025-12-17 06:05:16,250: INFO/ForkPoolWorker-2] Fierce: Parsed 31 DNS findings
[2025-12-17 06:05:16,250: INFO/ForkPoolWorker-2] Parsed 31 findings from fierce_896.txt using fierce
[2025-12-17 06:05:16,255: INFO/ForkPoolWorker-2] Sublist3r: Parsed 13 subdomains
[2025-12-17 06:05:16,255: INFO/ForkPoolWorker-2] Parsed 13 findings from sublist3r_892.txt using sublist3r
[2025-12-17 06:05:16,255: WARNING/ForkPoolWorker-2] No parser found for /home/kali/Proyectos/cybersecurity/environments/dev4-improvements/platform/workspaces/kopernicus_tech/recon/host_895.txt
[2025-12-17 06:05:16,255: WARNING/ForkPoolWorker-2] Cannot parse /home/kali/Proyectos/cybersecurity/environments/dev4-improvements/platform/workspaces/kopernicus_tech/recon/host_895.txt: no suitable parser
[2025-12-17 06:05:16,257: INFO/ForkPoolWorker-2] Traceroute: Parsed 16 hops
[2025-12-17 06:05:16,257: INFO/ForkPoolWorker-2] Parsed 16 findings from traceroute_898.txt using traceroute
[2025-12-17 06:05:16,262: INFO/ForkPoolWorker-2] Parsed 8 subdomains from /home/kali/Proyectos/cybersecurity/environments/dev4-improvements/platform/workspaces/kopernicus_tech/recon/subfinder_890.txt
[2025-12-17 06:05:16,262: INFO/ForkPoolWorker-2] Parsed 8 findings from subfinder_890.txt using subfinder
[2025-12-17 06:05:16,280: INFO/ForkPoolWorker-2] Parsed 9 open ports from /home/kali/Proyectos/cybersecurity/environments/dev4-improvements/platform/workspaces/kopernicus_tech/scans/nmap_901.xml
[2025-12-17 06:05:16,280: INFO/ForkPoolWorker-2] Parsed 9 findings from nmap_901.xml using nmap
[2025-12-17 06:05:16,281: WARNING/ForkPoolWorker-2] No parser found for /home/kali/Proyectos/cybersecurity/environments/dev4-improvements/platform/workspaces/kopernicus_tech/scans/nmap_899.txt
[2025-12-17 06:05:16,282: WARNING/ForkPoolWorker-2] Cannot parse /home/kali/Proyectos/cybersecurity/environments/dev4-improvements/platform/workspaces/kopernicus_tech/scans/nmap_899.txt: no suitable parser
[2025-12-17 06:05:16,282: WARNING/ForkPoolWorker-2] No parser found for /home/kali/Proyectos/cybersecurity/environments/dev4-improvements/platform/workspaces/kopernicus_tech/scans/nmap_901.nmap
[2025-12-17 06:05:16,283: WARNING/ForkPoolWorker-2] Cannot parse /home/kali/Proyectos/cybersecurity/environments/dev4-improvements/platform/workspaces/kopernicus_tech/scans/nmap_901.nmap: no suitable parser
[2025-12-17 06:05:16,283: WARNING/ForkPoolWorker-2] No parser found for /home/kali/Proyectos/cybersecurity/environments/dev4-improvements/platform/workspaces/kopernicus_tech/scans/nmap_903.nmap
[2025-12-17 06:05:16,283: WARNING/ForkPoolWorker-2] Cannot parse /home/kali/Proyectos/cybersecurity/environments/dev4-improvements/platform/workspaces/kopernicus_tech/scans/nmap_903.nmap: no suitable parser
[2025-12-17 06:05:16,285: INFO/ForkPoolWorker-2] Parsed 9 open ports from /home/kali/Proyectos/cybersecurity/environments/dev4-improvements/platform/workspaces/kopernicus_tech/scans/nmap_900.xml
[2025-12-17 06:05:16,286: INFO/ForkPoolWorker-2] Parsed 9 findings from nmap_900.xml using nmap
[2025-12-17 06:05:16,288: INFO/ForkPoolWorker-2] Parsed 9 open ports from /home/kali/Proyectos/cybersecurity/environments/dev4-improvements/platform/workspaces/kopernicus_tech/scans/nmap_902.xml
[2025-12-17 06:05:16,288: INFO/ForkPoolWorker-2] Parsed 9 findings from nmap_902.xml using nmap
[2025-12-17 06:05:16,300: INFO/ForkPoolWorker-2] Parsed 9 open ports from /home/kali/Proyectos/cybersecurity/environments/dev4-improvements/platform/workspaces/kopernicus_tech/scans/nmap_922.xml
[2025-12-17 06:05:16,301: INFO/ForkPoolWorker-2] Parsed 9 findings from nmap_922.xml using nmap
[2025-12-17 06:05:16,302: WARNING/ForkPoolWorker-2] No parser found for /home/kali/Proyectos/cybersecurity/environments/dev4-improvements/platform/workspaces/kopernicus_tech/scans/nmap_900.txt
[2025-12-17 06:05:16,303: WARNING/ForkPoolWorker-2] Cannot parse /home/kali/Proyectos/cybersecurity/environments/dev4-improvements/platform/workspaces/kopernicus_tech/scans/nmap_900.txt: no suitable parser
[2025-12-17 06:05:16,305: INFO/ForkPoolWorker-2] RustScan: Parsed 0 open ports
[2025-12-17 06:05:16,305: INFO/ForkPoolWorker-2] Parsed 0 findings from rustscan_904.txt using rust_scan
[2025-12-17 06:05:16,308: INFO/ForkPoolWorker-2] Parsed 9 open ports from /home/kali/Proyectos/cybersecurity/environments/dev4-improvements/platform/workspaces/kopernicus_tech/scans/nmap_899.xml
[2025-12-17 06:05:16,308: INFO/ForkPoolWorker-2] Parsed 9 findings from nmap_899.xml using nmap
[2025-12-17 06:05:16,308: WARNING/ForkPoolWorker-2] No parser found for /home/kali/Proyectos/cybersecurity/environments/dev4-improvements/platform/workspaces/kopernicus_tech/scans/nmap_922.gnmap
[2025-12-17 06:05:16,309: WARNING/ForkPoolWorker-2] Cannot parse /home/kali/Proyectos/cybersecurity/environments/dev4-improvements/platform/workspaces/kopernicus_tech/scans/nmap_922.gnmap: no suitable parser
[2025-12-17 06:05:16,309: WARNING/ForkPoolWorker-2] No parser found for /home/kali/Proyectos/cybersecurity/environments/dev4-improvements/platform/workspaces/kopernicus_tech/scans/nmap_901.gnmap
[2025-12-17 06:05:16,309: WARNING/ForkPoolWorker-2] Cannot parse /home/kali/Proyectos/cybersecurity/environments/dev4-improvements/platform/workspaces/kopernicus_tech/scans/nmap_901.gnmap: no suitable parser
[2025-12-17 06:05:16,309: WARNING/ForkPoolWorker-2] No parser found for /home/kali/Proyectos/cybersecurity/environments/dev4-improvements/platform/workspaces/kopernicus_tech/scans/nmap_902.txt
[2025-12-17 06:05:16,310: WARNING/ForkPoolWorker-2] Cannot parse /home/kali/Proyectos/cybersecurity/environments/dev4-improvements/platform/workspaces/kopernicus_tech/scans/nmap_902.txt: no suitable parser
[2025-12-17 06:05:16,313: INFO/ForkPoolWorker-2] Parsed 10 open ports from /home/kali/Proyectos/cybersecurity/environments/dev4-improvements/platform/workspaces/kopernicus_tech/scans/nmap_903.xml
[2025-12-17 06:05:16,315: INFO/ForkPoolWorker-2] Parsed 10 findings from nmap_903.xml using nmap
[2025-12-17 06:05:16,317: WARNING/ForkPoolWorker-2] No parser found for /home/kali/Proyectos/cybersecurity/environments/dev4-improvements/platform/workspaces/kopernicus_tech/scans/nmap_922.nmap
[2025-12-17 06:05:16,319: WARNING/ForkPoolWorker-2] Cannot parse /home/kali/Proyectos/cybersecurity/environments/dev4-improvements/platform/workspaces/kopernicus_tech/scans/nmap_922.nmap: no suitable parser
[2025-12-17 06:05:16,320: WARNING/ForkPoolWorker-2] No parser found for /home/kali/Proyectos/cybersecurity/environments/dev4-improvements/platform/workspaces/kopernicus_tech/scans/nmap_903.gnmap
[2025-12-17 06:05:16,320: WARNING/ForkPoolWorker-2] Cannot parse /home/kali/Proyectos/cybersecurity/environments/dev4-improvements/platform/workspaces/kopernicus_tech/scans/nmap_903.gnmap: no suitable parser
[2025-12-17 06:05:16,321: WARNING/ForkPoolWorker-2] No parser found for /home/kali/Proyectos/cybersecurity/environments/dev4-improvements/platform/workspaces/kopernicus_tech/enumeration/nmap_dns_912.xml.gnmap
[2025-12-17 06:05:16,321: WARNING/ForkPoolWorker-2] Cannot parse /home/kali/Proyectos/cybersecurity/environments/dev4-improvements/platform/workspaces/kopernicus_tech/enumeration/nmap_dns_912.xml.gnmap: no suitable parser
[2025-12-17 06:05:16,323: ERROR/ForkPoolWorker-2] Error parsing Nmap XML /home/kali/Proyectos/cybersecurity/environments/dev4-improvements/platform/workspaces/kopernicus_tech/enumeration/nmap_smtp_911.xml: syntax error: line 1, column 0
[2025-12-17 06:05:16,325: ERROR/ForkPoolWorker-2] Traceback (most recent call last):
  File "/home/kali/Proyectos/cybersecurity/environments/dev4-improvements/platform/backend/services/reporting/parsers/scanning/nmap_parser.py", line 56, in parse
    data = xmltodict.parse(content)
  File "/home/kali/Proyectos/cybersecurity/environments/dev4-improvements/platform/backend/venv/lib/python3.13/site-packages/xmltodict.py", line 368, in parse
    parser.Parse(xml_input, True)
    ~~~~~~~~~~~~^^^^^^^^^^^^^^^^^
xml.parsers.expat.ExpatError: syntax error: line 1, column 0

[2025-12-17 06:05:16,326: INFO/ForkPoolWorker-2] Parsed 0 findings from nmap_smtp_911.xml using nmap
[2025-12-17 06:05:16,327: ERROR/ForkPoolWorker-2] Error parsing Nmap XML /home/kali/Proyectos/cybersecurity/environments/dev4-improvements/platform/workspaces/kopernicus_tech/enumeration/nmap_snmp_913.xml: syntax error: line 1, column 0
[2025-12-17 06:05:16,328: ERROR/ForkPoolWorker-2] Traceback (most recent call last):
  File "/home/kali/Proyectos/cybersecurity/environments/dev4-improvements/platform/backend/services/reporting/parsers/scanning/nmap_parser.py", line 56, in parse
    data = xmltodict.parse(content)
  File "/home/kali/Proyectos/cybersecurity/environments/dev4-improvements/platform/backend/venv/lib/python3.13/site-packages/xmltodict.py", line 368, in parse
    parser.Parse(xml_input, True)
    ~~~~~~~~~~~~^^^^^^^^^^^^^^^^^
xml.parsers.expat.ExpatError: syntax error: line 1, column 0

[2025-12-17 06:05:16,328: INFO/ForkPoolWorker-2] Parsed 0 findings from nmap_snmp_913.xml using nmap
[2025-12-17 06:05:16,330: WARNING/ForkPoolWorker-2] No parser found for /home/kali/Proyectos/cybersecurity/environments/dev4-improvements/platform/workspaces/kopernicus_tech/enumeration/nmap_rdp_915.xml.nmap
[2025-12-17 06:05:16,330: WARNING/ForkPoolWorker-2] Cannot parse /home/kali/Proyectos/cybersecurity/environments/dev4-improvements/platform/workspaces/kopernicus_tech/enumeration/nmap_rdp_915.xml.nmap: no suitable parser
[2025-12-17 06:05:16,331: WARNING/ForkPoolWorker-2] No parser found for /home/kali/Proyectos/cybersecurity/environments/dev4-improvements/platform/workspaces/kopernicus_tech/enumeration/nmap_smtp_911.xml.nmap
[2025-12-17 06:05:16,332: WARNING/ForkPoolWorker-2] Cannot parse /home/kali/Proyectos/cybersecurity/environments/dev4-improvements/platform/workspaces/kopernicus_tech/enumeration/nmap_smtp_911.xml.nmap: no suitable parser
[2025-12-17 06:05:16,333: ERROR/ForkPoolWorker-2] Error parsing Nmap XML /home/kali/Proyectos/cybersecurity/environments/dev4-improvements/platform/workspaces/kopernicus_tech/enumeration/nmap_rdp_915.xml: syntax error: line 1, column 0
[2025-12-17 06:05:16,334: ERROR/ForkPoolWorker-2] Traceback (most recent call last):
  File "/home/kali/Proyectos/cybersecurity/environments/dev4-improvements/platform/backend/services/reporting/parsers/scanning/nmap_parser.py", line 56, in parse
    data = xmltodict.parse(content)
  File "/home/kali/Proyectos/cybersecurity/environments/dev4-improvements/platform/backend/venv/lib/python3.13/site-packages/xmltodict.py", line 368, in parse
    parser.Parse(xml_input, True)
    ~~~~~~~~~~~~^^^^^^^^^^^^^^^^^
xml.parsers.expat.ExpatError: syntax error: line 1, column 0

[2025-12-17 06:05:16,334: INFO/ForkPoolWorker-2] Parsed 0 findings from nmap_rdp_915.xml using nmap
[2025-12-17 06:05:16,334: WARNING/ForkPoolWorker-2] No parser found for /home/kali/Proyectos/cybersecurity/environments/dev4-improvements/platform/workspaces/kopernicus_tech/enumeration/nmap_ssh_909.xml.gnmap
[2025-12-17 06:05:16,334: WARNING/ForkPoolWorker-2] Cannot parse /home/kali/Proyectos/cybersecurity/environments/dev4-improvements/platform/workspaces/kopernicus_tech/enumeration/nmap_ssh_909.xml.gnmap: no suitable parser
[2025-12-17 06:05:16,334: WARNING/ForkPoolWorker-2] No parser found for /home/kali/Proyectos/cybersecurity/environments/dev4-improvements/platform/workspaces/kopernicus_tech/enumeration/nmap_dns_912.xml.nmap
[2025-12-17 06:05:16,335: WARNING/ForkPoolWorker-2] Cannot parse /home/kali/Proyectos/cybersecurity/environments/dev4-improvements/platform/workspaces/kopernicus_tech/enumeration/nmap_dns_912.xml.nmap: no suitable parser
[2025-12-17 06:05:16,335: WARNING/ForkPoolWorker-2] No parser found for /home/kali/Proyectos/cybersecurity/environments/dev4-improvements/platform/workspaces/kopernicus_tech/enumeration/nmap_smtp_911.xml.gnmap
[2025-12-17 06:05:16,335: WARNING/ForkPoolWorker-2] Cannot parse /home/kali/Proyectos/cybersecurity/environments/dev4-improvements/platform/workspaces/kopernicus_tech/enumeration/nmap_smtp_911.xml.gnmap: no suitable parser
[2025-12-17 06:05:16,336: ERROR/ForkPoolWorker-2] Error parsing Nmap XML /home/kali/Proyectos/cybersecurity/environments/dev4-improvements/platform/workspaces/kopernicus_tech/enumeration/nmap_ftp_910.xml: syntax error: line 1, column 0
[2025-12-17 06:05:16,336: ERROR/ForkPoolWorker-2] Traceback (most recent call last):
  File "/home/kali/Proyectos/cybersecurity/environments/dev4-improvements/platform/backend/services/reporting/parsers/scanning/nmap_parser.py", line 56, in parse
    data = xmltodict.parse(content)
  File "/home/kali/Proyectos/cybersecurity/environments/dev4-improvements/platform/backend/venv/lib/python3.13/site-packages/xmltodict.py", line 368, in parse
    parser.Parse(xml_input, True)
    ~~~~~~~~~~~~^^^^^^^^^^^^^^^^^
xml.parsers.expat.ExpatError: syntax error: line 1, column 0

[2025-12-17 06:05:16,337: INFO/ForkPoolWorker-2] Parsed 0 findings from nmap_ftp_910.xml using nmap
[2025-12-17 06:05:16,338: ERROR/ForkPoolWorker-2] Error parsing Nmap XML /home/kali/Proyectos/cybersecurity/environments/dev4-improvements/platform/workspaces/kopernicus_tech/enumeration/nmap_dns_912.xml: syntax error: line 1, column 0
[2025-12-17 06:05:16,338: ERROR/ForkPoolWorker-2] Traceback (most recent call last):
  File "/home/kali/Proyectos/cybersecurity/environments/dev4-improvements/platform/backend/services/reporting/parsers/scanning/nmap_parser.py", line 56, in parse
    data = xmltodict.parse(content)
  File "/home/kali/Proyectos/cybersecurity/environments/dev4-improvements/platform/backend/venv/lib/python3.13/site-packages/xmltodict.py", line 368, in parse
    parser.Parse(xml_input, True)
    ~~~~~~~~~~~~^^^^^^^^^^^^^^^^^
xml.parsers.expat.ExpatError: syntax error: line 1, column 0

[2025-12-17 06:05:16,338: INFO/ForkPoolWorker-2] Parsed 0 findings from nmap_dns_912.xml using nmap
[2025-12-17 06:05:16,339: ERROR/ForkPoolWorker-2] Error parsing Nmap XML /home/kali/Proyectos/cybersecurity/environments/dev4-improvements/platform/workspaces/kopernicus_tech/enumeration/nmap_ssh_909.xml: syntax error: line 1, column 0
[2025-12-17 06:05:16,340: ERROR/ForkPoolWorker-2] Traceback (most recent call last):
  File "/home/kali/Proyectos/cybersecurity/environments/dev4-improvements/platform/backend/services/reporting/parsers/scanning/nmap_parser.py", line 56, in parse
    data = xmltodict.parse(content)
  File "/home/kali/Proyectos/cybersecurity/environments/dev4-improvements/platform/backend/venv/lib/python3.13/site-packages/xmltodict.py", line 368, in parse
    parser.Parse(xml_input, True)
    ~~~~~~~~~~~~^^^^^^^^^^^^^^^^^
xml.parsers.expat.ExpatError: syntax error: line 1, column 0

[2025-12-17 06:05:16,340: INFO/ForkPoolWorker-2] Parsed 0 findings from nmap_ssh_909.xml using nmap
[2025-12-17 06:05:16,341: INFO/ForkPoolWorker-2] Parsed 0 open ports from /home/kali/Proyectos/cybersecurity/environments/dev4-improvements/platform/workspaces/kopernicus_tech/enumeration/nmap_smtp_911.xml.xml
[2025-12-17 06:05:16,342: INFO/ForkPoolWorker-2] Parsed 0 findings from nmap_smtp_911.xml.xml using nmap
[2025-12-17 06:05:16,344: INFO/ForkPoolWorker-2] Parsed 1 open ports from /home/kali/Proyectos/cybersecurity/environments/dev4-improvements/platform/workspaces/kopernicus_tech/enumeration/nmap_ftp_910.xml.xml
[2025-12-17 06:05:16,344: INFO/ForkPoolWorker-2] Parsed 1 findings from nmap_ftp_910.xml.xml using nmap
[2025-12-17 06:05:16,345: INFO/ForkPoolWorker-2] Parsed 0 open ports from /home/kali/Proyectos/cybersecurity/environments/dev4-improvements/platform/workspaces/kopernicus_tech/enumeration/nmap_dns_912.xml.xml
[2025-12-17 06:05:16,346: INFO/ForkPoolWorker-2] Parsed 0 findings from nmap_dns_912.xml.xml using nmap
[2025-12-17 06:05:16,347: INFO/ForkPoolWorker-2] Parsed 0 open ports from /home/kali/Proyectos/cybersecurity/environments/dev4-improvements/platform/workspaces/kopernicus_tech/enumeration/nmap_rdp_915.xml.xml
[2025-12-17 06:05:16,348: INFO/ForkPoolWorker-2] Parsed 0 findings from nmap_rdp_915.xml.xml using nmap
[2025-12-17 06:05:16,348: WARNING/ForkPoolWorker-2] No parser found for /home/kali/Proyectos/cybersecurity/environments/dev4-improvements/platform/workspaces/kopernicus_tech/enumeration/nmap_snmp_913.gnmap
[2025-12-17 06:05:16,348: WARNING/ForkPoolWorker-2] Cannot parse /home/kali/Proyectos/cybersecurity/environments/dev4-improvements/platform/workspaces/kopernicus_tech/enumeration/nmap_snmp_913.gnmap: no suitable parser
[2025-12-17 06:05:16,350: INFO/ForkPoolWorker-2] Parsed 0 open ports from /home/kali/Proyectos/cybersecurity/environments/dev4-improvements/platform/workspaces/kopernicus_tech/enumeration/nmap_ldap_914.xml.xml
[2025-12-17 06:05:16,351: INFO/ForkPoolWorker-2] Parsed 0 findings from nmap_ldap_914.xml.xml using nmap
[2025-12-17 06:05:16,351: WARNING/ForkPoolWorker-2] No parser found for /home/kali/Proyectos/cybersecurity/environments/dev4-improvements/platform/workspaces/kopernicus_tech/enumeration/nmap_ldap_914.xml.nmap
[2025-12-17 06:05:16,351: WARNING/ForkPoolWorker-2] Cannot parse /home/kali/Proyectos/cybersecurity/environments/dev4-improvements/platform/workspaces/kopernicus_tech/enumeration/nmap_ldap_914.xml.nmap: no suitable parser
[2025-12-17 06:05:16,352: INFO/ForkPoolWorker-2] Parsed 0 open ports from /home/kali/Proyectos/cybersecurity/environments/dev4-improvements/platform/workspaces/kopernicus_tech/enumeration/nmap_ssh_909.xml.xml
[2025-12-17 06:05:16,353: INFO/ForkPoolWorker-2] Parsed 0 findings from nmap_ssh_909.xml.xml using nmap
[2025-12-17 06:05:16,353: WARNING/ForkPoolWorker-2] No parser found for /home/kali/Proyectos/cybersecurity/environments/dev4-improvements/platform/workspaces/kopernicus_tech/enumeration/nmap_ssh_909.xml.nmap
[2025-12-17 06:05:16,353: WARNING/ForkPoolWorker-2] Cannot parse /home/kali/Proyectos/cybersecurity/environments/dev4-improvements/platform/workspaces/kopernicus_tech/enumeration/nmap_ssh_909.xml.nmap: no suitable parser
[2025-12-17 06:05:16,353: WARNING/ForkPoolWorker-2] No parser found for /home/kali/Proyectos/cybersecurity/environments/dev4-improvements/platform/workspaces/kopernicus_tech/enumeration/nmap_ftp_910.xml.gnmap
[2025-12-17 06:05:16,353: WARNING/ForkPoolWorker-2] Cannot parse /home/kali/Proyectos/cybersecurity/environments/dev4-improvements/platform/workspaces/kopernicus_tech/enumeration/nmap_ftp_910.xml.gnmap: no suitable parser
[2025-12-17 06:05:16,354: ERROR/ForkPoolWorker-2] Error parsing Nmap XML /home/kali/Proyectos/cybersecurity/environments/dev4-improvements/platform/workspaces/kopernicus_tech/enumeration/nmap_ldap_914.xml: syntax error: line 1, column 0
[2025-12-17 06:05:16,355: ERROR/ForkPoolWorker-2] Traceback (most recent call last):
  File "/home/kali/Proyectos/cybersecurity/environments/dev4-improvements/platform/backend/services/reporting/parsers/scanning/nmap_parser.py", line 56, in parse
    data = xmltodict.parse(content)
  File "/home/kali/Proyectos/cybersecurity/environments/dev4-improvements/platform/backend/venv/lib/python3.13/site-packages/xmltodict.py", line 368, in parse
    parser.Parse(xml_input, True)
    ~~~~~~~~~~~~^^^^^^^^^^^^^^^^^
xml.parsers.expat.ExpatError: syntax error: line 1, column 0

[2025-12-17 06:05:16,355: INFO/ForkPoolWorker-2] Parsed 0 findings from nmap_ldap_914.xml using nmap
[2025-12-17 06:05:16,357: INFO/ForkPoolWorker-2] SMBMap: Parsed 0 SMB shares
[2025-12-17 06:05:16,357: INFO/ForkPoolWorker-2] Parsed 0 findings from smbmap_907.txt using smbmap
[2025-12-17 06:05:16,358: WARNING/ForkPoolWorker-2] No parser found for /home/kali/Proyectos/cybersecurity/environments/dev4-improvements/platform/workspaces/kopernicus_tech/enumeration/nmap_snmp_913.nmap
[2025-12-17 06:05:16,358: WARNING/ForkPoolWorker-2] Cannot parse /home/kali/Proyectos/cybersecurity/environments/dev4-improvements/platform/workspaces/kopernicus_tech/enumeration/nmap_snmp_913.nmap: no suitable parser
[2025-12-17 06:05:16,359: INFO/ForkPoolWorker-2] SSLScan: Parsed SSL/TLS configuration with 0 weak ciphers
[2025-12-17 06:05:16,359: INFO/ForkPoolWorker-2] Parsed 0 findings from sslscan_919.txt using sslscan
[2025-12-17 06:05:16,359: WARNING/ForkPoolWorker-2] No parser found for /home/kali/Proyectos/cybersecurity/environments/dev4-improvements/platform/workspaces/kopernicus_tech/enumeration/nmap_ftp_910.xml.nmap
[2025-12-17 06:05:16,359: WARNING/ForkPoolWorker-2] Cannot parse /home/kali/Proyectos/cybersecurity/environments/dev4-improvements/platform/workspaces/kopernicus_tech/enumeration/nmap_ftp_910.xml.nmap: no suitable parser
[2025-12-17 06:05:16,360: INFO/ForkPoolWorker-2] Enum4linux: Parsed 0 SMB findings
[2025-12-17 06:05:16,360: INFO/ForkPoolWorker-2] Parsed 0 findings from enum4linux_906.txt using enum4linux
[2025-12-17 06:05:16,360: WARNING/ForkPoolWorker-2] No parser found for /home/kali/Proyectos/cybersecurity/environments/dev4-improvements/platform/workspaces/kopernicus_tech/enumeration/nmap_rdp_915.xml.gnmap
[2025-12-17 06:05:16,360: WARNING/ForkPoolWorker-2] Cannot parse /home/kali/Proyectos/cybersecurity/environments/dev4-improvements/platform/workspaces/kopernicus_tech/enumeration/nmap_rdp_915.xml.gnmap: no suitable parser
[2025-12-17 06:05:16,361: WARNING/ForkPoolWorker-2] No parser found for /home/kali/Proyectos/cybersecurity/environments/dev4-improvements/platform/workspaces/kopernicus_tech/enumeration/nmap_ldap_914.xml.gnmap
[2025-12-17 06:05:16,361: WARNING/ForkPoolWorker-2] Cannot parse /home/kali/Proyectos/cybersecurity/environments/dev4-improvements/platform/workspaces/kopernicus_tech/enumeration/nmap_ldap_914.xml.gnmap: no suitable parser
[2025-12-17 06:05:16,362: INFO/ForkPoolWorker-2] Parsed 6 findings from /home/kali/Proyectos/cybersecurity/environments/dev4-improvements/platform/workspaces/kopernicus_tech/vuln_scans/nikto_921.json
[2025-12-17 06:05:16,362: INFO/ForkPoolWorker-2] Parsed 6 findings from nikto_921.json using nikto
[2025-12-17 06:05:16,363: ERROR/ForkPoolWorker-2] Error parsing testssl file /home/kali/Proyectos/cybersecurity/environments/dev4-improvements/platform/workspaces/kopernicus_tech/vuln_scans/testssl_926.json: 'list' object has no attribute 'get'
[2025-12-17 06:05:16,363: INFO/ForkPoolWorker-2] Parsed 0 findings from testssl_926.json using testssl
[2025-12-17 06:05:16,363: WARNING/ForkPoolWorker-2] No parser found for /home/kali/Proyectos/cybersecurity/environments/dev4-improvements/platform/workspaces/kopernicus_tech/vuln_scans/testssl_926.html
[2025-12-17 06:05:16,364: WARNING/ForkPoolWorker-2] Cannot parse /home/kali/Proyectos/cybersecurity/environments/dev4-improvements/platform/workspaces/kopernicus_tech/vuln_scans/testssl_926.html: no suitable parser
[2025-12-17 06:05:16,365: WARNING/ForkPoolWorker-2] No parser found for /home/kali/Proyectos/cybersecurity/environments/dev4-improvements/platform/workspaces/kopernicus_tech/vuln_scans/sqlmap_924/results-12102025_0409pm.csv
[2025-12-17 06:05:16,365: WARNING/ForkPoolWorker-2] Cannot parse /home/kali/Proyectos/cybersecurity/environments/dev4-improvements/platform/workspaces/kopernicus_tech/vuln_scans/sqlmap_924/results-12102025_0409pm.csv: no suitable parser
[2025-12-17 06:05:16,365: WARNING/ForkPoolWorker-2] No parser found for /home/kali/Proyectos/cybersecurity/environments/dev4-improvements/platform/workspaces/kopernicus_tech/vuln_scans/sqlmap_924/log
[2025-12-17 06:05:16,365: WARNING/ForkPoolWorker-2] Cannot parse /home/kali/Proyectos/cybersecurity/environments/dev4-improvements/platform/workspaces/kopernicus_tech/vuln_scans/sqlmap_924/log: no suitable parser
[2025-12-17 06:05:16,365: WARNING/ForkPoolWorker-2] No parser found for /home/kali/Proyectos/cybersecurity/environments/dev4-improvements/platform/workspaces/kopernicus_tech/vuln_scans/sqlmap_924/www.kopernicus.tech/target.txt
[2025-12-17 06:05:16,365: WARNING/ForkPoolWorker-2] Cannot parse /home/kali/Proyectos/cybersecurity/environments/dev4-improvements/platform/workspaces/kopernicus_tech/vuln_scans/sqlmap_924/www.kopernicus.tech/target.txt: no suitable parser
[2025-12-17 06:05:16,365: WARNING/ForkPoolWorker-2] No parser found for /home/kali/Proyectos/cybersecurity/environments/dev4-improvements/platform/workspaces/kopernicus_tech/vuln_scans/sqlmap_924/www.kopernicus.tech/log
[2025-12-17 06:05:16,365: WARNING/ForkPoolWorker-2] Cannot parse /home/kali/Proyectos/cybersecurity/environments/dev4-improvements/platform/workspaces/kopernicus_tech/vuln_scans/sqlmap_924/www.kopernicus.tech/log: no suitable parser
[2025-12-17 06:05:16,365: WARNING/ForkPoolWorker-2] No parser found for /home/kali/Proyectos/cybersecurity/environments/dev4-improvements/platform/workspaces/kopernicus_tech/vuln_scans/sqlmap_924/www.kopernicus.tech/session.sqlite
[2025-12-17 06:05:16,366: WARNING/ForkPoolWorker-2] Cannot parse /home/kali/Proyectos/cybersecurity/environments/dev4-improvements/platform/workspaces/kopernicus_tech/vuln_scans/sqlmap_924/www.kopernicus.tech/session.sqlite: no suitable parser
[2025-12-17 06:05:16,367: INFO/ForkPoolWorker-2] Consolidating 182 findings
[2025-12-17 06:05:16,367: INFO/ForkPoolWorker-2] Removed 63 duplicate findings
[2025-12-17 06:05:16,367: INFO/ForkPoolWorker-2] After deduplication: 119 findings
[2025-12-17 06:05:16,367: INFO/ForkPoolWorker-2] Consolidated into 4 categories
[2025-12-17 06:05:16,367: INFO/ForkPoolWorker-2] Risk Score: 2.86 (low)
[2025-12-17 06:05:16,369: INFO/ForkPoolWorker-2] Generating technical report with WeasyPrint: /home/kali/Proyectos/cybersecurity/environments/dev4-improvements/platform/workspaces/kopernicus_tech/reports/report_technical_20251217_060516.pdf
[2025-12-17 06:05:16,530: INFO/ForkPoolWorker-2] Chromium init'ed with kwargs {}
[2025-12-17 06:05:16,532: INFO/ForkPoolWorker-2] Found chromium path: /usr/bin/chromium
[2025-12-17 06:05:16,532: INFO/ForkPoolWorker-2] Temp directory created: /tmp/tmp8o82oyse.
[2025-12-17 06:05:16,532: INFO/ForkPoolWorker-2] Opening browser.
[2025-12-17 06:05:16,533: INFO/ForkPoolWorker-2] Temp directory created: /tmp/tmpg6glaz7r.
[2025-12-17 06:05:16,548: INFO/ForkPoolWorker-2] ldd failed. e: Command '['ldd', '/usr/bin/chromium']' returned non-zero exit status 1., stderr: None
[2025-12-17 06:05:16,548: INFO/ForkPoolWorker-2] Temporary directory at: /tmp/tmpg6glaz7r
[2025-12-17 06:05:18,226: INFO/ForkPoolWorker-2] Conforming 1 to file:///tmp/tmp8o82oyse/index.html
[2025-12-17 06:05:18,226: INFO/ForkPoolWorker-2] Waiting on all navigates
[2025-12-17 06:05:20,799: INFO/ForkPoolWorker-2] All navigates done, putting them all in queue.
[2025-12-17 06:05:20,802: INFO/ForkPoolWorker-2] Getting tab from queue (has 1)
[2025-12-17 06:05:20,804: INFO/ForkPoolWorker-2] Got EEB5
[2025-12-17 06:05:20,805: INFO/ForkPoolWorker-2] Processing Distribucin_de_Hallazgos_por_Severidad.png
[2025-12-17 06:05:20,806: INFO/ForkPoolWorker-2] Sending big command for Distribucin_de_Hallazgos_por_Severidad.png.
[2025-12-17 06:05:21,157: INFO/ForkPoolWorker-2] Sent big command for Distribucin_de_Hallazgos_por_Severidad.png.
[2025-12-17 06:05:21,159: INFO/ForkPoolWorker-2] Reloading tab EEB5 before return.
[2025-12-17 06:05:21,414: INFO/ForkPoolWorker-2] Putting tab EEB5 back (queue size: 0).
[2025-12-17 06:05:21,415: INFO/ForkPoolWorker-2] Waiting for all cleanups to finish.
[2025-12-17 06:05:21,416: INFO/ForkPoolWorker-2] Exiting Kaleido
[2025-12-17 06:05:21,416: INFO/ForkPoolWorker-2] Closing browser.
[2025-12-17 06:05:21,423: INFO/ForkPoolWorker-2] Closing browser.
[2025-12-17 06:05:21,424: INFO/ForkPoolWorker-2] TemporaryDirectory.cleanup() worked.
[2025-12-17 06:05:21,424: INFO/ForkPoolWorker-2] shutil.rmtree worked.
[2025-12-17 06:05:21,424: INFO/ForkPoolWorker-2] Cancelling tasks.
[2025-12-17 06:05:21,424: INFO/ForkPoolWorker-2] Exiting Kaleido/Choreo
[2025-12-17 06:05:21,546: INFO/ForkPoolWorker-2] TemporaryDirectory.cleanup() worked.
[2025-12-17 06:05:21,546: INFO/ForkPoolWorker-2] shutil.rmtree worked.
[2025-12-17 06:05:21,547: INFO/ForkPoolWorker-2] TemporaryDirectory.cleanup() worked.
[2025-12-17 06:05:21,547: INFO/ForkPoolWorker-2] shutil.rmtree worked.
[2025-12-17 06:05:21,547: INFO/ForkPoolWorker-2] Cancelling tasks.
[2025-12-17 06:05:21,547: INFO/ForkPoolWorker-2] Exiting Kaleido/Choreo
[2025-12-17 06:05:21,548: INFO/ForkPoolWorker-2] Pie chart saved to: /home/kali/Proyectos/cybersecurity/environments/dev4-improvements/platform/workspaces/kopernicus_tech/reports/charts/severity_distribution.png
[2025-12-17 06:05:21,557: ERROR/ForkPoolWorker-2] Error creating bar chart: Invalid property specified for object of type plotly.graph_objs.bar.Marker: 'gradient'

Did you mean "cmin"?

    Valid properties:
        autocolorscale
            Determines whether the colorscale is a default palette
            (`autocolorscale: true`) or the palette determined by
            `marker.colorscale`. Has an effect only if in
            `marker.color` is set to a numerical array. In case
            `colorscale` is unspecified or `autocolorscale` is
            true, the default palette will be chosen according to
            whether numbers in the `color` array are all positive,
            all negative or mixed.
        cauto
            Determines whether or not the color domain is computed
            with respect to the input data (here in `marker.color`)
            or the bounds set in `marker.cmin` and `marker.cmax`
            Has an effect only if in `marker.color` is set to a
            numerical array. Defaults to `false` when `marker.cmin`
            and `marker.cmax` are set by the user.
        cmax
            Sets the upper bound of the color domain. Has an effect
            only if in `marker.color` is set to a numerical array.
            Value should have the same units as in `marker.color`
            and if set, `marker.cmin` must be set as well.
        cmid
            Sets the mid-point of the color domain by scaling
            `marker.cmin` and/or `marker.cmax` to be equidistant to
            this point. Has an effect only if in `marker.color` is
            set to a numerical array. Value should have the same
            units as in `marker.color`. Has no effect when
            `marker.cauto` is `false`.
        cmin
            Sets the lower bound of the color domain. Has an effect
            only if in `marker.color` is set to a numerical array.
            Value should have the same units as in `marker.color`
            and if set, `marker.cmax` must be set as well.
        color
            Sets the marker color. It accepts either a specific
            color or an array of numbers that are mapped to the
            colorscale relative to the max and min values of the
            array or relative to `marker.cmin` and `marker.cmax` if
            set.
        coloraxis
            Sets a reference to a shared color axis. References to
            these shared color axes are "coloraxis", "coloraxis2",
            "coloraxis3", etc. Settings for these shared color axes
            are set in the layout, under `layout.coloraxis`,
            `layout.coloraxis2`, etc. Note that multiple color
            scales can be linked to the same color axis.
        colorbar
            :class:`plotly.graph_objects.bar.marker.ColorBar`
            instance or dict with compatible properties
        colorscale
            Sets the colorscale. Has an effect only if in
            `marker.color` is set to a numerical array. The
            colorscale must be an array containing arrays mapping a
            normalized value to an rgb, rgba, hex, hsl, hsv, or
            named color string. At minimum, a mapping for the
            lowest (0) and highest (1) values are required. For
            example, `[[0, 'rgb(0,0,255)'], [1, 'rgb(255,0,0)']]`.
            To control the bounds of the colorscale in color space,
            use `marker.cmin` and `marker.cmax`. Alternatively,
            `colorscale` may be a palette name string of the
            following list: Blackbody,Bluered,Blues,Cividis,Earth,E
            lectric,Greens,Greys,Hot,Jet,Picnic,Portland,Rainbow,Rd
            Bu,Reds,Viridis,YlGnBu,YlOrRd.
        colorsrc
            Sets the source reference on Chart Studio Cloud for
            `color`.
        cornerradius
            Sets the rounding of corners. May be an integer number
            of pixels, or a percentage of bar width (as a string
            ending in %). Defaults to `layout.barcornerradius`. In
            stack or relative barmode, the first trace to set
            cornerradius is used for the whole stack.
        line
            :class:`plotly.graph_objects.bar.marker.Line` instance
            or dict with compatible properties
        opacity
            Sets the opacity of the bars.
        opacitysrc
            Sets the source reference on Chart Studio Cloud for
            `opacity`.
        pattern
            Sets the pattern within the marker.
        reversescale
            Reverses the color mapping if true. Has an effect only
            if in `marker.color` is set to a numerical array. If
            true, `marker.cmin` will correspond to the last color
            in the array and `marker.cmax` will correspond to the
            first color.
        showscale
            Determines whether or not a colorbar is displayed for
            this trace. Has an effect only if in `marker.color` is
            set to a numerical array.
        
Did you mean "cmin"?

Bad property path:
gradient
^^^^^^^^
Traceback (most recent call last):
  File "/home/kali/Proyectos/cybersecurity/environments/dev4-improvements/platform/backend/services/reporting/utils/chart_builder.py", line 161, in create_category_bar_chart
    go.Bar(
    ~~~~~~^
        x=list(categories),
        ^^^^^^^^^^^^^^^^^^^
    ...<14 lines>...
        hovertemplate='<b>%{x}</b><br>Hallazgos: %{y}<extra></extra>'
        ^^^^^^^^^^^^^^^^^^^^^^^^^^^^^^^^^^^^^^^^^^^^^^^^^^^^^^^^^^^^^
    )
    ^
  File "/home/kali/Proyectos/cybersecurity/environments/dev4-improvements/platform/backend/venv/lib/python3.13/site-packages/plotly/graph_objs/_bar.py", line 2638, in __init__
    self._set_property("marker", arg, marker)
    ~~~~~~~~~~~~~~~~~~^^^^^^^^^^^^^^^^^^^^^^^
  File "/home/kali/Proyectos/cybersecurity/environments/dev4-improvements/platform/backend/venv/lib/python3.13/site-packages/plotly/basedatatypes.py", line 4403, in _set_property
    _set_property_provided_value(self, name, arg, provided)
    ~~~~~~~~~~~~~~~~~~~~~~~~~~~~^^^^^^^^^^^^^^^^^^^^^^^^^^^
  File "/home/kali/Proyectos/cybersecurity/environments/dev4-improvements/platform/backend/venv/lib/python3.13/site-packages/plotly/basedatatypes.py", line 398, in _set_property_provided_value
    obj[name] = val
    ~~~^^^^^^
  File "/home/kali/Proyectos/cybersecurity/environments/dev4-improvements/platform/backend/venv/lib/python3.13/site-packages/plotly/basedatatypes.py", line 4924, in __setitem__
    self._set_compound_prop(prop, value)
    ~~~~~~~~~~~~~~~~~~~~~~~^^^^^^^^^^^^^
  File "/home/kali/Proyectos/cybersecurity/environments/dev4-improvements/platform/backend/venv/lib/python3.13/site-packages/plotly/basedatatypes.py", line 5335, in _set_compound_prop
    val = validator.validate_coerce(val, skip_invalid=self._skip_invalid)
  File "/home/kali/Proyectos/cybersecurity/environments/dev4-improvements/platform/backend/venv/lib/python3.13/site-packages/_plotly_utils/basevalidators.py", line 2439, in validate_coerce
    v = self.data_class(v, skip_invalid=skip_invalid, _validate=_validate)
  File "/home/kali/Proyectos/cybersecurity/environments/dev4-improvements/platform/backend/venv/lib/python3.13/site-packages/plotly/graph_objs/bar/_marker.py", line 684, in __init__
    self._process_kwargs(**dict(arg, **kwargs))
    ~~~~~~~~~~~~~~~~~~~~^^^^^^^^^^^^^^^^^^^^^^^
  File "/home/kali/Proyectos/cybersecurity/environments/dev4-improvements/platform/backend/venv/lib/python3.13/site-packages/plotly/basedatatypes.py", line 4451, in _process_kwargs
    raise err
ValueError: Invalid property specified for object of type plotly.graph_objs.bar.Marker: 'gradient'

Did you mean "cmin"?

    Valid properties:
        autocolorscale
            Determines whether the colorscale is a default palette
            (`autocolorscale: true`) or the palette determined by
            `marker.colorscale`. Has an effect only if in
            `marker.color` is set to a numerical array. In case
            `colorscale` is unspecified or `autocolorscale` is
            true, the default palette will be chosen according to
            whether numbers in the `color` array are all positive,
            all negative or mixed.
        cauto
            Determines whether or not the color domain is computed
            with respect to the input data (here in `marker.color`)
            or the bounds set in `marker.cmin` and `marker.cmax`
            Has an effect only if in `marker.color` is set to a
            numerical array. Defaults to `false` when `marker.cmin`
            and `marker.cmax` are set by the user.
        cmax
            Sets the upper bound of the color domain. Has an effect
            only if in `marker.color` is set to a numerical array.
            Value should have the same units as in `marker.color`
            and if set, `marker.cmin` must be set as well.
        cmid
            Sets the mid-point of the color domain by scaling
            `marker.cmin` and/or `marker.cmax` to be equidistant to
            this point. Has an effect only if in `marker.color` is
            set to a numerical array. Value should have the same
            units as in `marker.color`. Has no effect when
            `marker.cauto` is `false`.
        cmin
            Sets the lower bound of the color domain. Has an effect
            only if in `marker.color` is set to a numerical array.
            Value should have the same units as in `marker.color`
            and if set, `marker.cmax` must be set as well.
        color
            Sets the marker color. It accepts either a specific
            color or an array of numbers that are mapped to the
            colorscale relative to the max and min values of the
            array or relative to `marker.cmin` and `marker.cmax` if
            set.
        coloraxis
            Sets a reference to a shared color axis. References to
            these shared color axes are "coloraxis", "coloraxis2",
            "coloraxis3", etc. Settings for these shared color axes
            are set in the layout, under `layout.coloraxis`,
            `layout.coloraxis2`, etc. Note that multiple color
            scales can be linked to the same color axis.
        colorbar
            :class:`plotly.graph_objects.bar.marker.ColorBar`
            instance or dict with compatible properties
        colorscale
            Sets the colorscale. Has an effect only if in
            `marker.color` is set to a numerical array. The
            colorscale must be an array containing arrays mapping a
            normalized value to an rgb, rgba, hex, hsl, hsv, or
            named color string. At minimum, a mapping for the
            lowest (0) and highest (1) values are required. For
            example, `[[0, 'rgb(0,0,255)'], [1, 'rgb(255,0,0)']]`.
            To control the bounds of the colorscale in color space,
            use `marker.cmin` and `marker.cmax`. Alternatively,
            `colorscale` may be a palette name string of the
            following list: Blackbody,Bluered,Blues,Cividis,Earth,E
            lectric,Greens,Greys,Hot,Jet,Picnic,Portland,Rainbow,Rd
            Bu,Reds,Viridis,YlGnBu,YlOrRd.
        colorsrc
            Sets the source reference on Chart Studio Cloud for
            `color`.
        cornerradius
            Sets the rounding of corners. May be an integer number
            of pixels, or a percentage of bar width (as a string
            ending in %). Defaults to `layout.barcornerradius`. In
            stack or relative barmode, the first trace to set
            cornerradius is used for the whole stack.
        line
            :class:`plotly.graph_objects.bar.marker.Line` instance
            or dict with compatible properties
        opacity
            Sets the opacity of the bars.
        opacitysrc
            Sets the source reference on Chart Studio Cloud for
            `opacity`.
        pattern
            Sets the pattern within the marker.
        reversescale
            Reverses the color mapping if true. Has an effect only
            if in `marker.color` is set to a numerical array. If
            true, `marker.cmin` will correspond to the last color
            in the array and `marker.cmax` will correspond to the
            first color.
        showscale
            Determines whether or not a colorbar is displayed for
            this trace. Has an effect only if in `marker.color` is
            set to a numerical array.
        
Did you mean "cmin"?

Bad property path:
gradient
^^^^^^^^
[2025-12-17 06:05:21,591: INFO/ForkPoolWorker-2] TemporaryDirectory.cleanup() worked.
[2025-12-17 06:05:21,592: INFO/ForkPoolWorker-2] shutil.rmtree worked.
[2025-12-17 06:05:21,601: INFO/ForkPoolWorker-2] Chromium init'ed with kwargs {}
[2025-12-17 06:05:21,602: INFO/ForkPoolWorker-2] Found chromium path: /usr/bin/chromium
[2025-12-17 06:05:21,603: INFO/ForkPoolWorker-2] Temp directory created: /tmp/tmpcmbsrz_o.
[2025-12-17 06:05:21,603: INFO/ForkPoolWorker-2] Opening browser.
[2025-12-17 06:05:21,603: INFO/ForkPoolWorker-2] Temp directory created: /tmp/tmp4i14mrxd.
[2025-12-17 06:05:21,611: INFO/ForkPoolWorker-2] ldd failed. e: Command '['ldd', '/usr/bin/chromium']' returned non-zero exit status 1., stderr: None
[2025-12-17 06:05:21,611: INFO/ForkPoolWorker-2] Temporary directory at: /tmp/tmp4i14mrxd
[2025-12-17 06:05:22,050: INFO/ForkPoolWorker-2] Conforming 1 to file:///tmp/tmpcmbsrz_o/index.html
[2025-12-17 06:05:22,050: INFO/ForkPoolWorker-2] Waiting on all navigates
[2025-12-17 06:05:24,254: INFO/ForkPoolWorker-2] All navigates done, putting them all in queue.
[2025-12-17 06:05:24,255: INFO/ForkPoolWorker-2] Getting tab from queue (has 1)
[2025-12-17 06:05:24,255: INFO/ForkPoolWorker-2] Got F2A9
[2025-12-17 06:05:24,256: INFO/ForkPoolWorker-2] Processing fig.png
[2025-12-17 06:05:24,256: INFO/ForkPoolWorker-2] Sending big command for fig.png.
[2025-12-17 06:05:24,425: INFO/ForkPoolWorker-2] Sent big command for fig.png.
[2025-12-17 06:05:24,426: INFO/ForkPoolWorker-2] Reloading tab F2A9 before return.
[2025-12-17 06:05:24,698: INFO/ForkPoolWorker-2] Putting tab F2A9 back (queue size: 0).
[2025-12-17 06:05:24,698: INFO/ForkPoolWorker-2] Waiting for all cleanups to finish.
[2025-12-17 06:05:24,698: INFO/ForkPoolWorker-2] Exiting Kaleido
[2025-12-17 06:05:24,699: INFO/ForkPoolWorker-2] Closing browser.
[2025-12-17 06:05:24,701: INFO/ForkPoolWorker-2] Closing browser.
[2025-12-17 06:05:24,701: INFO/ForkPoolWorker-2] TemporaryDirectory.cleanup() worked.
[2025-12-17 06:05:24,701: INFO/ForkPoolWorker-2] shutil.rmtree worked.
[2025-12-17 06:05:24,702: INFO/ForkPoolWorker-2] Cancelling tasks.
[2025-12-17 06:05:24,702: INFO/ForkPoolWorker-2] Exiting Kaleido/Choreo
[2025-12-17 06:05:24,872: INFO/ForkPoolWorker-2] TemporaryDirectory.cleanup() worked.
[2025-12-17 06:05:24,873: INFO/ForkPoolWorker-2] shutil.rmtree worked.
[2025-12-17 06:05:24,873: INFO/ForkPoolWorker-2] TemporaryDirectory.cleanup() worked.
[2025-12-17 06:05:24,874: INFO/ForkPoolWorker-2] shutil.rmtree worked.
[2025-12-17 06:05:24,876: INFO/ForkPoolWorker-2] Cancelling tasks.
[2025-12-17 06:05:24,876: INFO/ForkPoolWorker-2] Exiting Kaleido/Choreo
[2025-12-17 06:05:24,879: INFO/ForkPoolWorker-2] Risk gauge saved to: /home/kali/Proyectos/cybersecurity/environments/dev4-improvements/platform/workspaces/kopernicus_tech/reports/charts/risk_gauge.png
[2025-12-17 06:05:24,893: INFO/ForkPoolWorker-2] TemporaryDirectory.cleanup() worked.
[2025-12-17 06:05:24,893: INFO/ForkPoolWorker-2] shutil.rmtree worked.
[2025-12-17 06:05:24,959: INFO/ForkPoolWorker-2] Chromium init'ed with kwargs {}
[2025-12-17 06:05:24,961: INFO/ForkPoolWorker-2] Found chromium path: /usr/bin/chromium
[2025-12-17 06:05:24,961: INFO/ForkPoolWorker-2] Temp directory created: /tmp/tmpdqte261a.
[2025-12-17 06:05:24,962: INFO/ForkPoolWorker-2] Opening browser.
[2025-12-17 06:05:24,962: INFO/ForkPoolWorker-2] Temp directory created: /tmp/tmpdbf35okz.
[2025-12-17 06:05:24,970: INFO/ForkPoolWorker-2] ldd failed. e: Command '['ldd', '/usr/bin/chromium']' returned non-zero exit status 1., stderr: None
[2025-12-17 06:05:24,971: INFO/ForkPoolWorker-2] Temporary directory at: /tmp/tmpdbf35okz
[2025-12-17 06:05:25,608: INFO/ForkPoolWorker-2] Conforming 1 to file:///tmp/tmpdqte261a/index.html
[2025-12-17 06:05:25,608: INFO/ForkPoolWorker-2] Waiting on all navigates
[2025-12-17 06:05:27,864: INFO/ForkPoolWorker-2] All navigates done, putting them all in queue.
[2025-12-17 06:05:27,868: INFO/ForkPoolWorker-2] Getting tab from queue (has 1)
[2025-12-17 06:05:27,868: INFO/ForkPoolWorker-2] Got 6146
[2025-12-17 06:05:27,868: INFO/ForkPoolWorker-2] Processing Distribucin_de_Severidad_por_Categora.png
[2025-12-17 06:05:27,868: INFO/ForkPoolWorker-2] Sending big command for Distribucin_de_Severidad_por_Categora.png.
[2025-12-17 06:05:28,218: INFO/ForkPoolWorker-2] Sent big command for Distribucin_de_Severidad_por_Categora.png.
[2025-12-17 06:05:28,219: INFO/ForkPoolWorker-2] Reloading tab 6146 before return.
[2025-12-17 06:05:28,583: INFO/ForkPoolWorker-2] Putting tab 6146 back (queue size: 0).
[2025-12-17 06:05:28,583: INFO/ForkPoolWorker-2] Waiting for all cleanups to finish.
[2025-12-17 06:05:28,583: INFO/ForkPoolWorker-2] Exiting Kaleido
[2025-12-17 06:05:28,583: INFO/ForkPoolWorker-2] Closing browser.
[2025-12-17 06:05:28,590: INFO/ForkPoolWorker-2] Closing browser.
[2025-12-17 06:05:28,590: INFO/ForkPoolWorker-2] TemporaryDirectory.cleanup() worked.
[2025-12-17 06:05:28,591: INFO/ForkPoolWorker-2] shutil.rmtree worked.
[2025-12-17 06:05:28,591: INFO/ForkPoolWorker-2] Cancelling tasks.
[2025-12-17 06:05:28,591: INFO/ForkPoolWorker-2] Exiting Kaleido/Choreo
[2025-12-17 06:05:28,772: INFO/ForkPoolWorker-2] TemporaryDirectory.cleanup() worked.
[2025-12-17 06:05:28,773: INFO/ForkPoolWorker-2] shutil.rmtree worked.
[2025-12-17 06:05:28,773: INFO/ForkPoolWorker-2] TemporaryDirectory.cleanup() worked.
[2025-12-17 06:05:28,773: INFO/ForkPoolWorker-2] shutil.rmtree worked.
[2025-12-17 06:05:28,773: INFO/ForkPoolWorker-2] Cancelling tasks.
[2025-12-17 06:05:28,774: INFO/ForkPoolWorker-2] Exiting Kaleido/Choreo
[2025-12-17 06:05:28,775: INFO/ForkPoolWorker-2] Heatmap saved to: /home/kali/Proyectos/cybersecurity/environments/dev4-improvements/platform/workspaces/kopernicus_tech/reports/charts/severity_heatmap.png
[2025-12-17 06:05:28,793: INFO/ForkPoolWorker-2] TemporaryDirectory.cleanup() worked.
[2025-12-17 06:05:28,794: INFO/ForkPoolWorker-2] shutil.rmtree worked.
[2025-12-17 06:05:28,807: INFO/ForkPoolWorker-2] Chromium init'ed with kwargs {}
[2025-12-17 06:05:28,809: INFO/ForkPoolWorker-2] Found chromium path: /usr/bin/chromium
[2025-12-17 06:05:28,809: INFO/ForkPoolWorker-2] Temp directory created: /tmp/tmpxqob0mng.
[2025-12-17 06:05:28,809: INFO/ForkPoolWorker-2] Opening browser.
[2025-12-17 06:05:28,811: INFO/ForkPoolWorker-2] Temp directory created: /tmp/tmpjbfs6fmk.
[2025-12-17 06:05:28,825: INFO/ForkPoolWorker-2] ldd failed. e: Command '['ldd', '/usr/bin/chromium']' returned non-zero exit status 1., stderr: None
[2025-12-17 06:05:28,825: INFO/ForkPoolWorker-2] Temporary directory at: /tmp/tmpjbfs6fmk
[2025-12-17 06:05:29,334: INFO/ForkPoolWorker-2] Conforming 1 to file:///tmp/tmpxqob0mng/index.html
[2025-12-17 06:05:29,335: INFO/ForkPoolWorker-2] Waiting on all navigates
[2025-12-17 06:05:31,878: INFO/ForkPoolWorker-2] All navigates done, putting them all in queue.
[2025-12-17 06:05:31,879: INFO/ForkPoolWorker-2] Getting tab from queue (has 1)
[2025-12-17 06:05:31,879: INFO/ForkPoolWorker-2] Got 65D9
[2025-12-17 06:05:31,879: INFO/ForkPoolWorker-2] Processing Distribucin_de_Hallazgos_por_Categora_Treemap.png
[2025-12-17 06:05:31,879: INFO/ForkPoolWorker-2] Sending big command for Distribucin_de_Hallazgos_por_Categora_Treemap.png.
[2025-12-17 06:05:32,018: INFO/ForkPoolWorker-2] Sent big command for Distribucin_de_Hallazgos_por_Categora_Treemap.png.
[2025-12-17 06:05:32,019: INFO/ForkPoolWorker-2] Reloading tab 65D9 before return.
[2025-12-17 06:05:32,295: INFO/ForkPoolWorker-2] Putting tab 65D9 back (queue size: 0).
[2025-12-17 06:05:32,295: INFO/ForkPoolWorker-2] Waiting for all cleanups to finish.
[2025-12-17 06:05:32,295: INFO/ForkPoolWorker-2] Exiting Kaleido
[2025-12-17 06:05:32,295: INFO/ForkPoolWorker-2] Closing browser.
[2025-12-17 06:05:32,303: INFO/ForkPoolWorker-2] Closing browser.
[2025-12-17 06:05:32,303: INFO/ForkPoolWorker-2] TemporaryDirectory.cleanup() worked.
[2025-12-17 06:05:32,304: INFO/ForkPoolWorker-2] shutil.rmtree worked.
[2025-12-17 06:05:32,304: INFO/ForkPoolWorker-2] Cancelling tasks.
[2025-12-17 06:05:32,304: INFO/ForkPoolWorker-2] Exiting Kaleido/Choreo
[2025-12-17 06:05:32,478: INFO/ForkPoolWorker-2] TemporaryDirectory.cleanup() worked.
[2025-12-17 06:05:32,478: INFO/ForkPoolWorker-2] shutil.rmtree worked.
[2025-12-17 06:05:32,478: INFO/ForkPoolWorker-2] TemporaryDirectory.cleanup() worked.
[2025-12-17 06:05:32,479: INFO/ForkPoolWorker-2] shutil.rmtree worked.
[2025-12-17 06:05:32,479: INFO/ForkPoolWorker-2] Cancelling tasks.
[2025-12-17 06:05:32,479: INFO/ForkPoolWorker-2] Exiting Kaleido/Choreo
[2025-12-17 06:05:32,480: INFO/ForkPoolWorker-2] Treemap saved to: /home/kali/Proyectos/cybersecurity/environments/dev4-improvements/platform/workspaces/kopernicus_tech/reports/charts/category_treemap.png
[2025-12-17 06:05:32,493: INFO/ForkPoolWorker-2] TemporaryDirectory.cleanup() worked.
[2025-12-17 06:05:32,493: INFO/ForkPoolWorker-2] shutil.rmtree worked.
[2025-12-17 06:05:32,517: INFO/ForkPoolWorker-2] Chromium init'ed with kwargs {}
[2025-12-17 06:05:32,517: INFO/ForkPoolWorker-2] Found chromium path: /usr/bin/chromium
[2025-12-17 06:05:32,518: INFO/ForkPoolWorker-2] Temp directory created: /tmp/tmpiiq40d5f.
[2025-12-17 06:05:32,518: INFO/ForkPoolWorker-2] Opening browser.
[2025-12-17 06:05:32,519: INFO/ForkPoolWorker-2] Temp directory created: /tmp/tmp_6uuw8ya.
[2025-12-17 06:05:32,526: INFO/ForkPoolWorker-2] ldd failed. e: Command '['ldd', '/usr/bin/chromium']' returned non-zero exit status 1., stderr: None
[2025-12-17 06:05:32,526: INFO/ForkPoolWorker-2] Temporary directory at: /tmp/tmp_6uuw8ya
[2025-12-17 06:05:33,077: INFO/ForkPoolWorker-2] Conforming 1 to file:///tmp/tmpiiq40d5f/index.html
[2025-12-17 06:05:33,077: INFO/ForkPoolWorker-2] Waiting on all navigates
[2025-12-17 06:05:35,496: INFO/ForkPoolWorker-2] All navigates done, putting them all in queue.
[2025-12-17 06:05:35,497: INFO/ForkPoolWorker-2] Getting tab from queue (has 1)
[2025-12-17 06:05:35,501: INFO/ForkPoolWorker-2] Got B7B4
[2025-12-17 06:05:35,502: INFO/ForkPoolWorker-2] Processing Distribucin_de_Severidad_por_Categora_Barras_Apiladas.png
[2025-12-17 06:05:35,502: INFO/ForkPoolWorker-2] Sending big command for Distribucin_de_Severidad_por_Categora_Barras_Apiladas.png.
[2025-12-17 06:05:35,863: INFO/ForkPoolWorker-2] Sent big command for Distribucin_de_Severidad_por_Categora_Barras_Apiladas.png.
[2025-12-17 06:05:35,865: INFO/ForkPoolWorker-2] Reloading tab B7B4 before return.
[2025-12-17 06:05:36,176: INFO/ForkPoolWorker-2] Putting tab B7B4 back (queue size: 0).
[2025-12-17 06:05:36,176: INFO/ForkPoolWorker-2] Waiting for all cleanups to finish.
[2025-12-17 06:05:36,177: INFO/ForkPoolWorker-2] Exiting Kaleido
[2025-12-17 06:05:36,177: INFO/ForkPoolWorker-2] Closing browser.
[2025-12-17 06:05:36,179: INFO/ForkPoolWorker-2] Closing browser.
[2025-12-17 06:05:36,183: INFO/ForkPoolWorker-2] TemporaryDirectory.cleanup() worked.
[2025-12-17 06:05:36,184: INFO/ForkPoolWorker-2] shutil.rmtree worked.
[2025-12-17 06:05:36,185: INFO/ForkPoolWorker-2] Cancelling tasks.
[2025-12-17 06:05:36,185: INFO/ForkPoolWorker-2] Exiting Kaleido/Choreo
[2025-12-17 06:05:36,307: INFO/ForkPoolWorker-2] TemporaryDirectory.cleanup() worked.
[2025-12-17 06:05:36,307: INFO/ForkPoolWorker-2] shutil.rmtree worked.
[2025-12-17 06:05:36,307: INFO/ForkPoolWorker-2] TemporaryDirectory.cleanup() worked.
[2025-12-17 06:05:36,308: INFO/ForkPoolWorker-2] shutil.rmtree worked.
[2025-12-17 06:05:36,308: INFO/ForkPoolWorker-2] Cancelling tasks.
[2025-12-17 06:05:36,308: INFO/ForkPoolWorker-2] Exiting Kaleido/Choreo
[2025-12-17 06:05:36,309: INFO/ForkPoolWorker-2] Stacked bar chart saved to: /home/kali/Proyectos/cybersecurity/environments/dev4-improvements/platform/workspaces/kopernicus_tech/reports/charts/stacked_bar_chart.png
[2025-12-17 06:05:36,310: INFO/ForkPoolWorker-2] Generated 5 charts in /home/kali/Proyectos/cybersecurity/environments/dev4-improvements/platform/workspaces/kopernicus_tech/reports/charts
[2025-12-17 06:05:36,310: INFO/ForkPoolWorker-2] Generated 5 charts for report
[2025-12-17 06:05:36,359: INFO/ForkPoolWorker-2] TemporaryDirectory.cleanup() worked.
[2025-12-17 06:05:36,360: INFO/ForkPoolWorker-2] shutil.rmtree worked.
[2025-12-17 06:05:36,508: WARNING/ForkPoolWorker-2] Ignored `overflow-x: auto` at 137:13, unknown property.
[2025-12-17 06:05:40,368: WARNING/ForkPoolWorker-2] .notdef glyph rendered for Unicode string unsupported by fonts: "" (U+001B)
[2025-12-17 06:05:40,368: WARNING/ForkPoolWorker-2] .notdef glyph rendered for Unicode string unsupported by fonts: "" (U+001B)
[2025-12-17 06:05:40,369: WARNING/ForkPoolWorker-2] .notdef glyph rendered for Unicode string unsupported by fonts: "" (U+001B)
[2025-12-17 06:05:40,370: WARNING/ForkPoolWorker-2] .notdef glyph rendered for Unicode string unsupported by fonts: "" (U+001B)
[2025-12-17 06:05:40,370: WARNING/ForkPoolWorker-2] .notdef glyph rendered for Unicode string unsupported by fonts: "" (U+001B)
[2025-12-17 06:05:40,370: WARNING/ForkPoolWorker-2] .notdef glyph rendered for Unicode string unsupported by fonts: "" (U+001B)
[2025-12-17 06:05:40,380: WARNING/ForkPoolWorker-2] .notdef glyph rendered for Unicode string unsupported by fonts: "" (U+001B)
[2025-12-17 06:05:40,380: WARNING/ForkPoolWorker-2] .notdef glyph rendered for Unicode string unsupported by fonts: "" (U+001B)
[2025-12-17 06:05:40,381: WARNING/ForkPoolWorker-2] .notdef glyph rendered for Unicode string unsupported by fonts: "" (U+001B)
[2025-12-17 06:05:40,381: WARNING/ForkPoolWorker-2] .notdef glyph rendered for Unicode string unsupported by fonts: "" (U+001B)
[2025-12-17 06:05:40,382: WARNING/ForkPoolWorker-2] .notdef glyph rendered for Unicode string unsupported by fonts: "" (U+001B)
[2025-12-17 06:05:40,383: WARNING/ForkPoolWorker-2] .notdef glyph rendered for Unicode string unsupported by fonts: "" (U+001B)
[2025-12-17 06:05:40,384: WARNING/ForkPoolWorker-2] .notdef glyph rendered for Unicode string unsupported by fonts: "" (U+001B)
[2025-12-17 06:05:40,384: WARNING/ForkPoolWorker-2] .notdef glyph rendered for Unicode string unsupported by fonts: "" (U+001B)
[2025-12-17 06:05:40,385: WARNING/ForkPoolWorker-2] .notdef glyph rendered for Unicode string unsupported by fonts: "" (U+001B)
[2025-12-17 06:05:40,386: WARNING/ForkPoolWorker-2] .notdef glyph rendered for Unicode string unsupported by fonts: "" (U+001B)
[2025-12-17 06:05:40,387: WARNING/ForkPoolWorker-2] .notdef glyph rendered for Unicode string unsupported by fonts: "" (U+001B)
[2025-12-17 06:05:40,387: WARNING/ForkPoolWorker-2] .notdef glyph rendered for Unicode string unsupported by fonts: "" (U+001B)
[2025-12-17 06:05:40,389: WARNING/ForkPoolWorker-2] .notdef glyph rendered for Unicode string unsupported by fonts: "" (U+001B)
[2025-12-17 06:05:40,391: WARNING/ForkPoolWorker-2] .notdef glyph rendered for Unicode string unsupported by fonts: "" (U+001B)
[2025-12-17 06:05:40,392: WARNING/ForkPoolWorker-2] .notdef glyph rendered for Unicode string unsupported by fonts: "" (U+001B)
[2025-12-17 06:05:40,392: WARNING/ForkPoolWorker-2] .notdef glyph rendered for Unicode string unsupported by fonts: "" (U+001B)
[2025-12-17 06:05:40,394: WARNING/ForkPoolWorker-2] .notdef glyph rendered for Unicode string unsupported by fonts: "" (U+001B)
[2025-12-17 06:05:40,394: WARNING/ForkPoolWorker-2] .notdef glyph rendered for Unicode string unsupported by fonts: "" (U+001B)
[2025-12-17 06:05:40,406: WARNING/ForkPoolWorker-2] .notdef glyph rendered for Unicode string unsupported by fonts: "" (U+001B)
[2025-12-17 06:05:40,406: WARNING/ForkPoolWorker-2] .notdef glyph rendered for Unicode string unsupported by fonts: "" (U+001B)
[2025-12-17 06:05:40,407: WARNING/ForkPoolWorker-2] .notdef glyph rendered for Unicode string unsupported by fonts: "" (U+001B)
[2025-12-17 06:05:40,407: WARNING/ForkPoolWorker-2] .notdef glyph rendered for Unicode string unsupported by fonts: "" (U+001B)
[2025-12-17 06:05:40,408: WARNING/ForkPoolWorker-2] .notdef glyph rendered for Unicode string unsupported by fonts: "" (U+001B)
[2025-12-17 06:05:40,408: WARNING/ForkPoolWorker-2] .notdef glyph rendered for Unicode string unsupported by fonts: "" (U+001B)
[2025-12-17 06:05:40,409: WARNING/ForkPoolWorker-2] .notdef glyph rendered for Unicode string unsupported by fonts: "" (U+001B)
[2025-12-17 06:05:40,409: WARNING/ForkPoolWorker-2] .notdef glyph rendered for Unicode string unsupported by fonts: "" (U+001B)
[2025-12-17 06:05:40,412: WARNING/ForkPoolWorker-2] .notdef glyph rendered for Unicode string unsupported by fonts: "" (U+001B)
[2025-12-17 06:05:40,412: WARNING/ForkPoolWorker-2] .notdef glyph rendered for Unicode string unsupported by fonts: "" (U+001B)
[2025-12-17 06:05:40,413: WARNING/ForkPoolWorker-2] .notdef glyph rendered for Unicode string unsupported by fonts: "" (U+001B)
[2025-12-17 06:05:40,414: WARNING/ForkPoolWorker-2] .notdef glyph rendered for Unicode string unsupported by fonts: "" (U+001B)
[2025-12-17 06:05:40,415: WARNING/ForkPoolWorker-2] .notdef glyph rendered for Unicode string unsupported by fonts: "" (U+001B)
[2025-12-17 06:05:40,415: WARNING/ForkPoolWorker-2] .notdef glyph rendered for Unicode string unsupported by fonts: "" (U+001B)
[2025-12-17 06:05:40,416: WARNING/ForkPoolWorker-2] .notdef glyph rendered for Unicode string unsupported by fonts: "" (U+001B)
[2025-12-17 06:05:40,416: WARNING/ForkPoolWorker-2] .notdef glyph rendered for Unicode string unsupported by fonts: "" (U+001B)
[2025-12-17 06:05:40,417: WARNING/ForkPoolWorker-2] .notdef glyph rendered for Unicode string unsupported by fonts: "" (U+001B)
[2025-12-17 06:05:40,417: WARNING/ForkPoolWorker-2] .notdef glyph rendered for Unicode string unsupported by fonts: "" (U+001B)
[2025-12-17 06:05:40,425: WARNING/ForkPoolWorker-2] .notdef glyph rendered for Unicode string unsupported by fonts: "" (U+001B)
[2025-12-17 06:05:40,425: WARNING/ForkPoolWorker-2] .notdef glyph rendered for Unicode string unsupported by fonts: "" (U+001B)
[2025-12-17 06:05:40,426: WARNING/ForkPoolWorker-2] .notdef glyph rendered for Unicode string unsupported by fonts: "" (U+001B)
[2025-12-17 06:05:40,426: WARNING/ForkPoolWorker-2] .notdef glyph rendered for Unicode string unsupported by fonts: "" (U+001B)
[2025-12-17 06:05:40,427: WARNING/ForkPoolWorker-2] .notdef glyph rendered for Unicode string unsupported by fonts: "" (U+001B)
[2025-12-17 06:05:40,427: WARNING/ForkPoolWorker-2] .notdef glyph rendered for Unicode string unsupported by fonts: "" (U+001B)
[2025-12-17 06:05:40,428: WARNING/ForkPoolWorker-2] .notdef glyph rendered for Unicode string unsupported by fonts: "" (U+001B)
[2025-12-17 06:05:40,428: WARNING/ForkPoolWorker-2] .notdef glyph rendered for Unicode string unsupported by fonts: "" (U+001B)
[2025-12-17 06:05:40,429: WARNING/ForkPoolWorker-2] .notdef glyph rendered for Unicode string unsupported by fonts: "" (U+001B)
[2025-12-17 06:05:40,429: WARNING/ForkPoolWorker-2] .notdef glyph rendered for Unicode string unsupported by fonts: "" (U+001B)
[2025-12-17 06:05:40,430: WARNING/ForkPoolWorker-2] .notdef glyph rendered for Unicode string unsupported by fonts: "" (U+001B)
[2025-12-17 06:05:40,430: WARNING/ForkPoolWorker-2] .notdef glyph rendered for Unicode string unsupported by fonts: "" (U+001B)
[2025-12-17 06:05:40,431: WARNING/ForkPoolWorker-2] .notdef glyph rendered for Unicode string unsupported by fonts: "" (U+001B)
[2025-12-17 06:05:40,431: WARNING/ForkPoolWorker-2] .notdef glyph rendered for Unicode string unsupported by fonts: "" (U+001B)
[2025-12-17 06:05:40,432: WARNING/ForkPoolWorker-2] .notdef glyph rendered for Unicode string unsupported by fonts: "" (U+001B)
[2025-12-17 06:05:40,432: WARNING/ForkPoolWorker-2] .notdef glyph rendered for Unicode string unsupported by fonts: "" (U+001B)
[2025-12-17 06:05:40,434: WARNING/ForkPoolWorker-2] .notdef glyph rendered for Unicode string unsupported by fonts: "" (U+001B)
[2025-12-17 06:05:40,434: WARNING/ForkPoolWorker-2] .notdef glyph rendered for Unicode string unsupported by fonts: "" (U+001B)
[2025-12-17 06:05:40,445: WARNING/ForkPoolWorker-2] .notdef glyph rendered for Unicode string unsupported by fonts: "" (U+001B)
[2025-12-17 06:05:40,446: WARNING/ForkPoolWorker-2] .notdef glyph rendered for Unicode string unsupported by fonts: "" (U+001B)
[2025-12-17 06:05:40,447: WARNING/ForkPoolWorker-2] .notdef glyph rendered for Unicode string unsupported by fonts: "" (U+001B)
[2025-12-17 06:05:40,447: WARNING/ForkPoolWorker-2] .notdef glyph rendered for Unicode string unsupported by fonts: "" (U+001B)
[2025-12-17 06:05:40,448: WARNING/ForkPoolWorker-2] .notdef glyph rendered for Unicode string unsupported by fonts: "" (U+001B)
[2025-12-17 06:05:40,448: WARNING/ForkPoolWorker-2] .notdef glyph rendered for Unicode string unsupported by fonts: "" (U+001B)
[2025-12-17 06:05:40,450: WARNING/ForkPoolWorker-2] .notdef glyph rendered for Unicode string unsupported by fonts: "" (U+001B)
[2025-12-17 06:05:40,451: WARNING/ForkPoolWorker-2] .notdef glyph rendered for Unicode string unsupported by fonts: "" (U+001B)
[2025-12-17 06:05:40,453: WARNING/ForkPoolWorker-2] .notdef glyph rendered for Unicode string unsupported by fonts: "" (U+001B)
[2025-12-17 06:05:40,453: WARNING/ForkPoolWorker-2] .notdef glyph rendered for Unicode string unsupported by fonts: "" (U+001B)
[2025-12-17 06:05:40,454: WARNING/ForkPoolWorker-2] .notdef glyph rendered for Unicode string unsupported by fonts: "" (U+001B)
[2025-12-17 06:05:40,454: WARNING/ForkPoolWorker-2] .notdef glyph rendered for Unicode string unsupported by fonts: "" (U+001B)
[2025-12-17 06:05:40,500: WARNING/ForkPoolWorker-2] .notdef glyph rendered for Unicode string unsupported by fonts: "" (U+001B)
[2025-12-17 06:05:40,501: WARNING/ForkPoolWorker-2] .notdef glyph rendered for Unicode string unsupported by fonts: "" (U+001B)
[2025-12-17 06:05:40,501: WARNING/ForkPoolWorker-2] .notdef glyph rendered for Unicode string unsupported by fonts: "" (U+001B)
[2025-12-17 06:05:40,501: WARNING/ForkPoolWorker-2] .notdef glyph rendered for Unicode string unsupported by fonts: "" (U+001B)
[2025-12-17 06:05:40,502: WARNING/ForkPoolWorker-2] .notdef glyph rendered for Unicode string unsupported by fonts: "" (U+001B)
[2025-12-17 06:05:40,502: WARNING/ForkPoolWorker-2] .notdef glyph rendered for Unicode string unsupported by fonts: "" (U+001B)
[2025-12-17 06:05:41,017: INFO/ForkPoolWorker-2] PDF generated successfully: /home/kali/Proyectos/cybersecurity/environments/dev4-improvements/platform/workspaces/kopernicus_tech/reports/report_technical_20251217_060516.pdf
[2025-12-17 06:05:41,021: WARNING/ForkPoolWorker-2] 2025-12-17 06:05:41,021 INFO sqlalchemy.engine.Engine BEGIN (implicit)
[2025-12-17 06:05:41,021: INFO/ForkPoolWorker-2] BEGIN (implicit)
[2025-12-17 06:05:41,028: WARNING/ForkPoolWorker-2] 2025-12-17 06:05:41,027 INFO sqlalchemy.engine.Engine INSERT INTO reports (title, report_type, format, version, is_latest, content, file_path, file_size, file_hash, total_findings, critical_count, high_count, medium_count, low_count, info_count, risk_score, files_processed, tools_used, generation_time_seconds, status, error_message, generated_at, created_at, updated_at, workspace_id, created_by) VALUES (?, ?, ?, ?, ?, ?, ?, ?, ?, ?, ?, ?, ?, ?, ?, ?, ?, ?, ?, ?, ?, ?, ?, ?, ?, ?)
[2025-12-17 06:05:41,027: INFO/ForkPoolWorker-2] INSERT INTO reports (title, report_type, format, version, is_latest, content, file_path, file_size, file_hash, total_findings, critical_count, high_count, medium_count, low_count, info_count, risk_score, files_processed, tools_used, generation_time_seconds, status, error_message, generated_at, created_at, updated_at, workspace_id, created_by) VALUES (?, ?, ?, ?, ?, ?, ?, ?, ?, ?, ?, ?, ?, ?, ?, ?, ?, ?, ?, ?, ?, ?, ?, ?, ?, ?)
[2025-12-17 06:05:41,028: WARNING/ForkPoolWorker-2] 2025-12-17 06:05:41,028 INFO sqlalchemy.engine.Engine [generated in 0.00099s] ('Reporte Technical - kopernicus.tech', 'technical', 'pdf', 1, 1, None, '/home/kali/Proyectos/cybersecurity/environments/dev4-improvements/platform/workspaces/kopernicus_tech/reports/report_technical_20251217_060516.pdf', 260002, 'ddad7b13d64257653572561278293f8503aef9b257d25dbcee062fe8fa6149b5', 119, 0, 1, 0, 14, 104, 2.86, 65, '["assetfinder", "crtsh", "dnsenum", "dnsrecon", "enum4linux", "fierce", "findomain", "nikto", "nmap", "rust_scan", "smbmap", "sslscan", "subfinder", "sublist3r", "testssl", "traceroute", "whois"]', 24.826201915740967, 'completed', None, '2025-12-17 11:05:41.020200', '2025-12-17 11:05:41.027585', '2025-12-17 11:05:41.027596', 10, '1')
[2025-12-17 06:05:41,028: INFO/ForkPoolWorker-2] [generated in 0.00099s] ('Reporte Technical - kopernicus.tech', 'technical', 'pdf', 1, 1, None, '/home/kali/Proyectos/cybersecurity/environments/dev4-improvements/platform/workspaces/kopernicus_tech/reports/report_technical_20251217_060516.pdf', 260002, 'ddad7b13d64257653572561278293f8503aef9b257d25dbcee062fe8fa6149b5', 119, 0, 1, 0, 14, 104, 2.86, 65, '["assetfinder", "crtsh", "dnsenum", "dnsrecon", "enum4linux", "fierce", "findomain", "nikto", "nmap", "rust_scan", "smbmap", "sslscan", "subfinder", "sublist3r", "testssl", "traceroute", "whois"]', 24.826201915740967, 'completed', None, '2025-12-17 11:05:41.020200', '2025-12-17 11:05:41.027585', '2025-12-17 11:05:41.027596', 10, '1')
[2025-12-17 06:05:41,029: WARNING/ForkPoolWorker-2] 2025-12-17 06:05:41,029 INFO sqlalchemy.engine.Engine COMMIT
[2025-12-17 06:05:41,029: INFO/ForkPoolWorker-2] COMMIT
[2025-12-17 06:05:41,040: WARNING/ForkPoolWorker-2] 2025-12-17 06:05:41,039 INFO sqlalchemy.engine.Engine BEGIN (implicit)
[2025-12-17 06:05:41,039: INFO/ForkPoolWorker-2] BEGIN (implicit)
[2025-12-17 06:05:41,043: WARNING/ForkPoolWorker-2] 2025-12-17 06:05:41,043 INFO sqlalchemy.engine.Engine SELECT reports.id AS reports_id, reports.title AS reports_title, reports.report_type AS reports_report_type, reports.format AS reports_format, reports.version AS reports_version, reports.is_latest AS reports_is_latest, reports.content AS reports_content, reports.file_path AS reports_file_path, reports.file_size AS reports_file_size, reports.file_hash AS reports_file_hash, reports.total_findings AS reports_total_findings, reports.critical_count AS reports_critical_count, reports.high_count AS reports_high_count, reports.medium_count AS reports_medium_count, reports.low_count AS reports_low_count, reports.info_count AS reports_info_count, reports.risk_score AS reports_risk_score, reports.files_processed AS reports_files_processed, reports.tools_used AS reports_tools_used, reports.generation_time_seconds AS reports_generation_time_seconds, reports.status AS reports_status, reports.error_message AS reports_error_message, reports.generated_at AS reports_generated_at, reports.created_at AS reports_created_at, reports.updated_at AS reports_updated_at, reports.workspace_id AS reports_workspace_id, reports.created_by AS reports_created_by 
FROM reports 
WHERE reports.id = ?
[2025-12-17 06:05:41,043: INFO/ForkPoolWorker-2] SELECT reports.id AS reports_id, reports.title AS reports_title, reports.report_type AS reports_report_type, reports.format AS reports_format, reports.version AS reports_version, reports.is_latest AS reports_is_latest, reports.content AS reports_content, reports.file_path AS reports_file_path, reports.file_size AS reports_file_size, reports.file_hash AS reports_file_hash, reports.total_findings AS reports_total_findings, reports.critical_count AS reports_critical_count, reports.high_count AS reports_high_count, reports.medium_count AS reports_medium_count, reports.low_count AS reports_low_count, reports.info_count AS reports_info_count, reports.risk_score AS reports_risk_score, reports.files_processed AS reports_files_processed, reports.tools_used AS reports_tools_used, reports.generation_time_seconds AS reports_generation_time_seconds, reports.status AS reports_status, reports.error_message AS reports_error_message, reports.generated_at AS reports_generated_at, reports.created_at AS reports_created_at, reports.updated_at AS reports_updated_at, reports.workspace_id AS reports_workspace_id, reports.created_by AS reports_created_by 
FROM reports 
WHERE reports.id = ?
[2025-12-17 06:05:41,044: WARNING/ForkPoolWorker-2] 2025-12-17 06:05:41,044 INFO sqlalchemy.engine.Engine [generated in 0.00037s] (9,)
[2025-12-17 06:05:41,044: INFO/ForkPoolWorker-2] [generated in 0.00037s] (9,)
[2025-12-17 06:05:41,045: INFO/ForkPoolWorker-2] Report created: 9 - Reporte Technical - kopernicus.tech
[2025-12-17 06:05:41,045: INFO/ForkPoolWorker-2] Report saved to database with ID: 9
[2025-12-17 06:05:41,045: WARNING/ForkPoolWorker-2] 2025-12-17 06:05:41,045 INFO sqlalchemy.engine.Engine ROLLBACK
[2025-12-17 06:05:41,045: INFO/ForkPoolWorker-2] ROLLBACK
[2025-12-17 06:05:41,047: INFO/ForkPoolWorker-2] Report V2 generated successfully for workspace 10: /home/kali/Proyectos/cybersecurity/environments/dev4-improvements/platform/workspaces/kopernicus_tech/reports/report_technical_20251217_060516.pdf (ID: 9)
[2025-12-17 06:05:41,048: INFO/ForkPoolWorker-2] Task tasks.reporting.generate_report_v2[22de83a7-4000-4f40-a259-2a97fc5fa9f7] succeeded in 24.85956407399999s: {'report_id': 9, 'workspace_id': 10, 'report_path': '/home/kali/Proyectos/cybersecurity/environments/dev4-improvements/platform/workspaces/kopernicus_tech/reports/report_technical_20251217_060516.pdf', 'file_size': 260002, 'total_findings': 119, 'risk_score': 2.86, 'completed_at': '2025-12-17T11:05:41.047241'}
